==============================================================================
SPRINT 6 — MAPPO TRAINING
==============================================================================
DT-MARL environment (trace-driven replay of the CloudSim Digital Twin)
  agents            : 10 (one per edge node)
  topology          : ring topology, n=10, offsets=[-2, -1, 1, 2], degree=4, plus 1 cloud tier (id -2)
  obs dim / agent   : 48
  centralized state : 489
  actions           : 4 (STAY, MIGRATE_TO_NEIGHBOR_EDGE, MIGRATE_TO_CLOUD, PREEMPTIVE_REROUTE)
  decision interval : 2.0 s (2 recorded ticks)
  episode           : 400 steps = 800 s of cluster time
  trace             : 10 nodes x 1500 ticks
  episode starts    : ticks [9, 491]
  risk              : risk_source=oof calibrated=False min=0.0145 max=0.9585 mean=0.0785 distinct=203 first_valid_tick=9
                      Leakage-safe out-of-fold sigmoid scores: every window scored by a model that never trained on its temporal block. UNCALIBRATED (pools 5 folds).
  workload          : 40 healthcare tasks, Sprint-5 criticality

MAPPO (centralised training, decentralised execution)
  actors            : 10 x MLP(48 -> [128, 128] -> 4), separate=True
  centralised critic: MLP(489+10 -> [256, 256] -> 1)
  clip=0.2 value_clip=0.2 ent=0.02 vf=0.5
  gamma=0.999 lambda=0.995 epochs=4 minibatches=4
  critic_target=mc
  lr_actor=0.0007 lr_critic=0.001 grad_clip=0.5
  device=cpu
  independence      : 10 independent actors (233,000 params total, 23,300 each), 1 centralised critic (194,049 params)

  episodes          : 2400 (32 per PPO update = 75 updates)
  train start window: ticks [9, 491] (first 70% of the usable range; evaluate.py uses the rest)
  seed              : 20260818
==============================================================================
  ep    1/2400  reward    +13.93  success 0.750  lost  6  reloc  87  preem  86  prot  11  ev +nan  ent nan  (    2s)
  ep   10/2400  reward    -13.29  success 0.775  lost  9  reloc  90  preem  90  prot  12  ev +nan  ent nan  (   24s)
  ep   20/2400  reward    -22.61  success 0.675  lost 12  reloc  87  preem  87  prot   7  ev +nan  ent nan  (   47s)
  ep   30/2400  reward    -18.42  success 0.725  lost  7  reloc  94  preem  93  prot  15  ev +nan  ent nan  (   70s)
  ep   40/2400  reward    -16.69  success 0.725  lost 10  reloc  87  preem  85  prot   9  ev +0.02  ent 0.788  (   98s)
  ep   50/2400  reward    -27.55  success 0.725  lost 11  reloc  80  preem  80  prot   6  ev +0.02  ent 0.788  (  122s)
  ep   60/2400  reward    -16.61  success 0.700  lost 12  reloc  85  preem  85  prot   4  ev +0.02  ent 0.788  (  146s)
  ep   70/2400  reward     -8.12  success 0.700  lost 11  reloc  88  preem  88  prot   7  ev +0.04  ent 0.782  (  173s)
  ep   80/2400  reward    -23.83  success 0.800  lost  7  reloc  87  preem  87  prot  15  ev +0.04  ent 0.782  (  196s)
  ep   90/2400  reward    -33.64  success 0.650  lost 11  reloc  81  preem  80  prot   9  ev +0.04  ent 0.782  (  219s)
  ep  100/2400  reward    -14.88  success 0.650  lost  9  reloc  81  preem  80  prot  13  ev +0.06  ent 0.614  (  245s)
  ep  110/2400  reward    -32.08  success 0.550  lost 16  reloc  80  preem  79  prot   6  ev +0.06  ent 0.614  (  268s)
  ep  120/2400  reward    -29.67  success 0.625  lost 15  reloc  87  preem  85  prot   7  ev +0.06  ent 0.614  (  291s)
  ep  130/2400  reward    -23.83  success 0.600  lost 16  reloc  82  preem  81  prot   5  ev +0.10  ent 0.708  (  317s)
  ep  140/2400  reward    -16.77  success 0.700  lost 11  reloc  83  preem  83  prot   9  ev +0.10  ent 0.708  (  340s)
  ep  150/2400  reward    -21.25  success 0.725  lost  9  reloc  88  preem  87  prot   7  ev +0.10  ent 0.708  (  363s)
  ep  160/2400  reward    -18.17  success 0.625  lost 15  reloc  80  preem  79  prot   5  ev +0.16  ent 0.519  (  389s)
  ep  170/2400  reward    -16.21  success 0.750  lost  7  reloc  83  preem  82  prot   5  ev +0.16  ent 0.519  (  412s)
  ep  180/2400  reward    -24.34  success 0.600  lost 16  reloc  83  preem  82  prot   8  ev +0.16  ent 0.519  (  435s)
  ep  190/2400  reward     -8.96  success 0.650  lost 13  reloc  76  preem  76  prot   7  ev +0.16  ent 0.519  (  458s)
  ep  200/2400  reward    -17.63  success 0.600  lost 15  reloc  77  preem  76  prot   7  ev +0.21  ent 0.465  (  485s)
  ep  210/2400  reward    -15.53  success 0.700  lost 12  reloc  87  preem  85  prot   9  ev +0.21  ent 0.465  (  508s)
  ep  220/2400  reward    -14.18  success 0.700  lost 10  reloc  78  preem  76  prot   9  ev +0.21  ent 0.465  (  532s)
  ep  230/2400  reward    -11.80  success 0.675  lost 13  reloc  76  preem  76  prot   4  ev +0.25  ent 0.456  (  560s)
  ep  240/2400  reward     -7.75  success 0.750  lost  8  reloc  79  preem  78  prot  10  ev +0.25  ent 0.456  (  583s)
  ep  250/2400  reward    -23.86  success 0.675  lost 10  reloc  76  preem  76  prot   9  ev +0.25  ent 0.456  (  606s)
  ep  260/2400  reward    -13.21  success 0.700  lost 12  reloc  81  preem  81  prot  12  ev +0.25  ent 0.394  (  634s)
  ep  270/2400  reward     -5.94  success 0.800  lost  8  reloc  75  preem  75  prot  17  ev +0.25  ent 0.394  (  658s)
  ep  280/2400  reward    -12.08  success 0.725  lost  9  reloc  79  preem  77  prot   8  ev +0.25  ent 0.394  (  681s)
  ep  290/2400  reward    -18.44  success 0.650  lost 14  reloc  86  preem  82  prot   7  ev +0.30  ent 0.453  (  709s)
  ep  300/2400  reward     -3.20  success 0.725  lost 10  reloc  85  preem  85  prot   4  ev +0.30  ent 0.453  (  732s)
  ep  310/2400  reward    -20.66  success 0.575  lost 17  reloc  78  preem  77  prot   6  ev +0.30  ent 0.453  (  755s)
  ep  320/2400  reward    -14.72  success 0.700  lost 12  reloc  88  preem  88  prot   5  ev +0.30  ent 0.444  (  781s)
  ep  330/2400  reward    -13.05  success 0.725  lost 11  reloc  81  preem  81  prot   5  ev +0.30  ent 0.444  (  804s)
  ep  340/2400  reward    -12.35  success 0.800  lost  5  reloc  80  preem  80  prot  18  ev +0.30  ent 0.444  (  828s)
  ep  350/2400  reward    -20.39  success 0.725  lost 11  reloc  86  preem  84  prot  10  ev +0.30  ent 0.444  (  851s)
  ep  360/2400  reward    -18.24  success 0.700  lost 11  reloc  78  preem  77  prot   4  ev +0.36  ent 0.410  (  877s)
  ep  370/2400  reward    -18.49  success 0.625  lost 14  reloc  79  preem  78  prot  10  ev +0.36  ent 0.410  (  900s)
  ep  380/2400  reward     -9.54  success 0.775  lost  8  reloc  75  preem  75  prot   9  ev +0.36  ent 0.410  (  923s)
  ep  390/2400  reward     -6.81  success 0.750  lost  9  reloc  81  preem  80  prot  13  ev +0.40  ent 0.470  (  950s)
  ep  400/2400  reward     -9.68  success 0.675  lost 13  reloc  72  preem  72  prot   8  ev +0.40  ent 0.470  (  973s)
  ep  410/2400  reward    -23.18  success 0.675  lost 13  reloc  81  preem  79  prot   8  ev +0.40  ent 0.470  (  996s)
  ep  420/2400  reward    -18.78  success 0.750  lost 10  reloc  71  preem  68  prot   9  ev +0.41  ent 0.416  ( 1023s)
  ep  430/2400  reward     -9.99  success 0.625  lost 11  reloc  78  preem  78  prot   8  ev +0.41  ent 0.416  ( 1046s)
  ep  440/2400  reward    -12.80  success 0.700  lost 10  reloc  79  preem  78  prot   3  ev +0.41  ent 0.416  ( 1069s)
  ep  450/2400  reward    -22.41  success 0.600  lost 13  reloc  78  preem  77  prot   3  ev +0.46  ent 0.362  ( 1095s)
  ep  460/2400  reward    -17.39  success 0.750  lost  8  reloc  80  preem  78  prot  10  ev +0.46  ent 0.362  ( 1119s)
  ep  470/2400  reward    -12.90  success 0.725  lost 10  reloc  79  preem  79  prot   5  ev +0.46  ent 0.362  ( 1142s)
  ep  480/2400  reward    -14.09  success 0.700  lost 12  reloc  72  preem  71  prot   7  ev +0.48  ent 0.448  ( 1168s)
  ep  490/2400  reward     -8.66  success 0.775  lost  8  reloc  74  preem  74  prot  17  ev +0.48  ent 0.448  ( 1191s)
  ep  500/2400  reward    -14.85  success 0.750  lost  8  reloc  85  preem  85  prot  13  ev +0.48  ent 0.448  ( 1214s)
  ep  510/2400  reward     -4.22  success 0.675  lost 11  reloc  82  preem  82  prot   5  ev +0.48  ent 0.448  ( 1237s)
  ep  520/2400  reward    -18.14  success 0.650  lost 13  reloc  79  preem  77  prot  11  ev +0.51  ent 0.489  ( 1264s)
  ep  530/2400  reward     -8.68  success 0.700  lost 10  reloc  79  preem  79  prot   9  ev +0.51  ent 0.489  ( 1287s)
  ep  540/2400  reward    -11.58  success 0.625  lost 14  reloc  72  preem  72  prot   4  ev +0.51  ent 0.489  ( 1311s)
  ep  550/2400  reward    -16.51  success 0.775  lost  9  reloc  76  preem  75  prot  14  ev +0.52  ent 0.411  ( 1337s)
  ep  560/2400  reward    -22.16  success 0.600  lost 16  reloc  69  preem  69  prot   2  ev +0.52  ent 0.411  ( 1359s)
  ep  570/2400  reward     -9.83  success 0.750  lost 10  reloc  91  preem  91  prot  10  ev +0.52  ent 0.411  ( 1383s)
  ep  580/2400  reward     -8.76  success 0.725  lost  9  reloc  77  preem  76  prot   8  ev +0.53  ent 0.441  ( 1409s)
  ep  590/2400  reward     -9.09  success 0.650  lost 12  reloc  83  preem  83  prot   1  ev +0.53  ent 0.441  ( 1432s)
  ep  600/2400  reward     -2.39  success 0.650  lost 13  reloc  77  preem  77  prot   0  ev +0.53  ent 0.441  ( 1455s)
  ep  610/2400  reward    -24.38  success 0.725  lost 10  reloc  70  preem  66  prot   8  ev +0.55  ent 0.373  ( 1481s)
  ep  620/2400  reward    -19.42  success 0.650  lost 13  reloc  78  preem  74  prot   9  ev +0.55  ent 0.373  ( 1504s)
  ep  630/2400  reward    -13.47  success 0.675  lost 13  reloc  76  preem  74  prot  12  ev +0.55  ent 0.373  ( 1527s)
  ep  640/2400  reward    -10.35  success 0.700  lost 11  reloc  77  preem  74  prot   7  ev +0.52  ent 0.415  ( 1554s)
  ep  650/2400  reward     -2.02  success 0.725  lost 10  reloc  80  preem  80  prot  17  ev +0.52  ent 0.415  ( 1576s)
  ep  660/2400  reward    -27.05  success 0.650  lost 14  reloc  83  preem  82  prot   4  ev +0.52  ent 0.415  ( 1599s)
  ep  670/2400  reward     -7.76  success 0.750  lost  9  reloc  84  preem  84  prot  14  ev +0.52  ent 0.415  ( 1622s)
  ep  680/2400  reward     -3.68  success 0.725  lost  9  reloc  76  preem  76  prot  10  ev +0.56  ent 0.415  ( 1649s)
  ep  690/2400  reward    -23.01  success 0.650  lost 13  reloc  81  preem  81  prot   9  ev +0.56  ent 0.415  ( 1671s)
  ep  700/2400  reward    -11.27  success 0.600  lost 16  reloc  85  preem  84  prot   7  ev +0.56  ent 0.415  ( 1694s)
  ep  710/2400  reward     -7.11  success 0.725  lost 11  reloc  79  preem  79  prot  17  ev +0.57  ent 0.416  ( 1721s)
  ep  720/2400  reward    -10.98  success 0.575  lost 17  reloc  73  preem  72  prot   5  ev +0.57  ent 0.416  ( 1744s)
  ep  730/2400  reward     -6.15  success 0.650  lost 13  reloc  82  preem  80  prot   9  ev +0.57  ent 0.416  ( 1766s)
  ep  740/2400  reward    -12.66  success 0.750  lost 10  reloc  85  preem  85  prot  13  ev +0.53  ent 0.426  ( 1793s)
  ep  750/2400  reward     +3.97  success 0.800  lost  7  reloc  79  preem  79  prot  22  ev +0.53  ent 0.426  ( 1816s)
  ep  760/2400  reward    -13.90  success 0.700  lost 11  reloc  74  preem  74  prot   0  ev +0.53  ent 0.426  ( 1839s)
  ep  770/2400  reward    -12.72  success 0.775  lost  8  reloc  86  preem  86  prot  17  ev +0.59  ent 0.405  ( 1865s)
  ep  780/2400  reward    -18.49  success 0.675  lost 13  reloc  70  preem  70  prot   7  ev +0.59  ent 0.405  ( 1888s)
  ep  790/2400  reward    -18.45  success 0.750  lost 10  reloc  74  preem  73  prot   3  ev +0.59  ent 0.405  ( 1911s)
  ep  800/2400  reward    -17.08  success 0.675  lost 13  reloc  71  preem  70  prot   6  ev +0.56  ent 0.357  ( 1937s)
  ep  810/2400  reward     -5.40  success 0.725  lost  9  reloc  77  preem  77  prot   1  ev +0.56  ent 0.357  ( 1960s)
  ep  820/2400  reward     -8.79  success 0.675  lost 12  reloc  84  preem  84  prot   5  ev +0.56  ent 0.357  ( 1984s)
  ep  830/2400  reward     -2.97  success 0.825  lost  6  reloc  78  preem  77  prot  11  ev +0.56  ent 0.357  ( 2007s)
  ep  840/2400  reward    -10.28  success 0.700  lost 12  reloc  81  preem  81  prot  11  ev +0.61  ent 0.355  ( 2034s)
  ep  850/2400  reward     -8.88  success 0.750  lost 10  reloc  83  preem  83  prot  14  ev +0.61  ent 0.355  ( 2057s)
  ep  860/2400  reward    -10.68  success 0.725  lost 11  reloc  81  preem  81  prot   5  ev +0.61  ent 0.355  ( 2080s)
  ep  870/2400  reward    -15.74  success 0.775  lost  8  reloc  82  preem  82  prot  12  ev +0.55  ent 0.317  ( 2108s)
  ep  880/2400  reward    -20.74  success 0.650  lost 13  reloc  74  preem  74  prot   3  ev +0.55  ent 0.317  ( 2131s)
  ep  890/2400  reward    -18.23  success 0.700  lost 11  reloc  76  preem  76  prot   7  ev +0.55  ent 0.317  ( 2154s)
  ep  900/2400  reward     -5.54  success 0.725  lost 11  reloc  82  preem  81  prot  10  ev +0.58  ent 0.364  ( 2181s)
  ep  910/2400  reward    -13.02  success 0.725  lost 10  reloc  78  preem  77  prot   1  ev +0.58  ent 0.364  ( 2204s)
  ep  920/2400  reward    -13.16  success 0.600  lost 16  reloc  75  preem  75  prot   4  ev +0.58  ent 0.364  ( 2227s)
  ep  930/2400  reward    -15.92  success 0.625  lost 13  reloc  74  preem  74  prot   5  ev +0.58  ent 0.318  ( 2254s)
  ep  940/2400  reward     -2.29  success 0.725  lost 10  reloc  80  preem  80  prot   4  ev +0.58  ent 0.318  ( 2277s)
  ep  950/2400  reward    -28.71  success 0.675  lost 13  reloc  79  preem  79  prot  10  ev +0.58  ent 0.318  ( 2300s)
  ep  960/2400  reward    -13.46  success 0.675  lost 11  reloc  75  preem  75  prot   6  ev +0.55  ent 0.384  ( 2326s)
  ep  970/2400  reward    -15.97  success 0.675  lost 13  reloc  81  preem  80  prot   5  ev +0.55  ent 0.384  ( 2349s)
  ep  980/2400  reward    -12.44  success 0.750  lost  9  reloc  75  preem  74  prot  16  ev +0.55  ent 0.384  ( 2372s)
  ep  990/2400  reward     -9.95  success 0.725  lost 10  reloc  75  preem  74  prot   9  ev +0.55  ent 0.384  ( 2395s)
  ep 1000/2400  reward     -3.49  success 0.800  lost  8  reloc  78  preem  77  prot  15  ev +0.62  ent 0.357  ( 2422s)
  ep 1010/2400  reward    -15.60  success 0.625  lost 12  reloc  73  preem  73  prot   8  ev +0.62  ent 0.357  ( 2445s)
  ep 1020/2400  reward    -15.78  success 0.750  lost 10  reloc  74  preem  74  prot  12  ev +0.62  ent 0.357  ( 2468s)
  ep 1030/2400  reward    -15.55  success 0.650  lost 12  reloc  86  preem  85  prot   9  ev +0.56  ent 0.334  ( 2494s)
  ep 1040/2400  reward    -26.34  success 0.600  lost 13  reloc  80  preem  80  prot  12  ev +0.56  ent 0.334  ( 2516s)
  ep 1050/2400  reward    -12.21  success 0.650  lost 13  reloc  78  preem  77  prot   9  ev +0.56  ent 0.334  ( 2540s)
  ep 1060/2400  reward     -9.63  success 0.700  lost 11  reloc  84  preem  84  prot  12  ev +0.56  ent 0.391  ( 2566s)
  ep 1070/2400  reward     -2.65  success 0.725  lost 11  reloc  72  preem  72  prot   1  ev +0.56  ent 0.391  ( 2589s)
  ep 1080/2400  reward     -3.14  success 0.775  lost  8  reloc  77  preem  77  prot  14  ev +0.56  ent 0.391  ( 2613s)
  ep 1090/2400  reward     -3.64  success 0.750  lost  7  reloc  80  preem  80  prot   4  ev +0.55  ent 0.384  ( 2640s)
  ep 1100/2400  reward    -13.40  success 0.800  lost  6  reloc  82  preem  78  prot  13  ev +0.55  ent 0.384  ( 2663s)
  ep 1110/2400  reward    -21.06  success 0.675  lost 12  reloc  79  preem  76  prot   8  ev +0.55  ent 0.384  ( 2686s)
  ep 1120/2400  reward     -7.15  success 0.700  lost 12  reloc  76  preem  76  prot   1  ev +0.61  ent 0.362  ( 2712s)
  ep 1130/2400  reward     -8.83  success 0.750  lost 10  reloc  77  preem  76  prot  11  ev +0.61  ent 0.362  ( 2736s)
  ep 1140/2400  reward    -24.88  success 0.675  lost 12  reloc  73  preem  73  prot   1  ev +0.61  ent 0.362  ( 2758s)
  ep 1150/2400  reward    -12.97  success 0.700  lost 12  reloc  75  preem  75  prot   4  ev +0.61  ent 0.362  ( 2780s)
  ep 1160/2400  reward    -13.68  success 0.675  lost 12  reloc  75  preem  75  prot   1  ev +0.59  ent 0.308  ( 2808s)
  ep 1170/2400  reward     -9.54  success 0.675  lost 11  reloc  86  preem  84  prot   9  ev +0.59  ent 0.308  ( 2830s)
  ep 1180/2400  reward    -14.45  success 0.575  lost 14  reloc  79  preem  79  prot   5  ev +0.59  ent 0.308  ( 2853s)
  ep 1190/2400  reward    -13.28  success 0.775  lost  7  reloc  79  preem  79  prot   3  ev +0.61  ent 0.376  ( 2880s)
  ep 1200/2400  reward    -12.30  success 0.800  lost  6  reloc  77  preem  77  prot  18  ev +0.61  ent 0.376  ( 2903s)
  ep 1210/2400  reward     -7.27  success 0.775  lost  9  reloc  81  preem  81  prot  13  ev +0.61  ent 0.376  ( 2925s)
  ep 1220/2400  reward    -11.82  success 0.575  lost 16  reloc  73  preem  72  prot   7  ev +0.58  ent 0.406  ( 2952s)
  ep 1230/2400  reward    -15.40  success 0.700  lost 12  reloc  83  preem  83  prot   3  ev +0.58  ent 0.406  ( 2975s)
  ep 1240/2400  reward     -7.95  success 0.650  lost 14  reloc  85  preem  84  prot  11  ev +0.58  ent 0.406  ( 2998s)
  ep 1250/2400  reward    -10.60  success 0.700  lost 12  reloc  68  preem  68  prot   3  ev +0.63  ent 0.379  ( 3025s)
  ep 1260/2400  reward     -7.62  success 0.725  lost  8  reloc  83  preem  83  prot  11  ev +0.63  ent 0.379  ( 3048s)
  ep 1270/2400  reward    -18.80  success 0.675  lost 11  reloc  80  preem  79  prot   7  ev +0.63  ent 0.379  ( 3071s)
  ep 1280/2400  reward    -17.57  success 0.700  lost 11  reloc  86  preem  85  prot  12  ev +0.60  ent 0.384  ( 3098s)
  ep 1290/2400  reward     -1.25  success 0.700  lost 11  reloc  74  preem  74  prot   5  ev +0.60  ent 0.384  ( 3121s)
  ep 1300/2400  reward     -8.54  success 0.775  lost  8  reloc  74  preem  74  prot   9  ev +0.60  ent 0.384  ( 3145s)
  ep 1310/2400  reward    -17.11  success 0.675  lost 12  reloc  70  preem  70  prot   4  ev +0.60  ent 0.384  ( 3168s)
  ep 1320/2400  reward    -12.89  success 0.675  lost 10  reloc  80  preem  80  prot   0  ev +0.63  ent 0.384  ( 3195s)
  ep 1330/2400  reward     -8.52  success 0.650  lost 12  reloc  82  preem  82  prot   4  ev +0.63  ent 0.384  ( 3219s)
  ep 1340/2400  reward     -9.77  success 0.725  lost 11  reloc  76  preem  74  prot   9  ev +0.63  ent 0.384  ( 3242s)
  ep 1350/2400  reward     -9.89  success 0.725  lost 11  reloc  79  preem  77  prot  13  ev +0.65  ent 0.373  ( 3268s)
  ep 1360/2400  reward     -9.93  success 0.800  lost  5  reloc  78  preem  77  prot  20  ev +0.65  ent 0.373  ( 3291s)
  ep 1370/2400  reward    -17.14  success 0.625  lost 14  reloc  82  preem  80  prot  11  ev +0.65  ent 0.373  ( 3314s)
  ep 1380/2400  reward    -18.92  success 0.600  lost 15  reloc  73  preem  73  prot   4  ev +0.64  ent 0.360  ( 3341s)
  ep 1390/2400  reward     -4.58  success 0.750  lost  8  reloc  78  preem  78  prot  14  ev +0.64  ent 0.360  ( 3364s)
  ep 1400/2400  reward    -12.82  success 0.675  lost 13  reloc  83  preem  83  prot   7  ev +0.64  ent 0.360  ( 3387s)
  ep 1410/2400  reward     -4.86  success 0.775  lost  9  reloc  78  preem  78  prot  11  ev +0.65  ent 0.312  ( 3414s)
  ep 1420/2400  reward     -1.44  success 0.775  lost  7  reloc  78  preem  78  prot  12  ev +0.65  ent 0.312  ( 3437s)
  ep 1430/2400  reward     +1.44  success 0.725  lost  9  reloc  85  preem  80  prot  12  ev +0.65  ent 0.312  ( 3460s)
  ep 1440/2400  reward     -5.73  success 0.650  lost 14  reloc  81  preem  81  prot  11  ev +0.60  ent 0.345  ( 3486s)
  ep 1450/2400  reward     -6.72  success 0.650  lost 13  reloc  72  preem  72  prot   0  ev +0.60  ent 0.345  ( 3509s)
  ep 1460/2400  reward     -9.95  success 0.725  lost  9  reloc  78  preem  78  prot  12  ev +0.60  ent 0.345  ( 3533s)
  ep 1470/2400  reward    -14.88  success 0.700  lost 12  reloc  73  preem  71  prot   4  ev +0.60  ent 0.345  ( 3555s)
  ep 1480/2400  reward    -20.37  success 0.600  lost 16  reloc  80  preem  78  prot   3  ev +0.62  ent 0.340  ( 3581s)
  ep 1490/2400  reward    -20.76  success 0.600  lost 16  reloc  77  preem  76  prot  10  ev +0.62  ent 0.340  ( 3604s)
  ep 1500/2400  reward     -6.78  success 0.675  lost 13  reloc  82  preem  82  prot  10  ev +0.62  ent 0.340  ( 3627s)
  ep 1510/2400  reward     -7.72  success 0.725  lost 11  reloc  78  preem  77  prot   3  ev +0.62  ent 0.399  ( 3653s)
  ep 1520/2400  reward    -10.49  success 0.750  lost  9  reloc  79  preem  76  prot  11  ev +0.62  ent 0.399  ( 3676s)
  ep 1530/2400  reward    -17.91  success 0.575  lost 17  reloc  84  preem  81  prot   6  ev +0.62  ent 0.399  ( 3699s)
  ep 1540/2400  reward     -8.78  success 0.750  lost  9  reloc  81  preem  76  prot  17  ev +0.57  ent 0.359  ( 3726s)
  ep 1550/2400  reward     -5.54  success 0.700  lost 12  reloc  73  preem  72  prot   2  ev +0.57  ent 0.359  ( 3750s)
  ep 1560/2400  reward     -3.15  success 0.800  lost  5  reloc  85  preem  84  prot  12  ev +0.57  ent 0.359  ( 3773s)
  ep 1570/2400  reward    -18.58  success 0.625  lost 15  reloc  75  preem  75  prot   6  ev +0.62  ent 0.330  ( 3799s)
  ep 1580/2400  reward     -9.75  success 0.650  lost 12  reloc  74  preem  74  prot   1  ev +0.62  ent 0.330  ( 3821s)
  ep 1590/2400  reward     -2.88  success 0.725  lost 11  reloc  69  preem  69  prot   5  ev +0.62  ent 0.330  ( 3845s)
  ep 1600/2400  reward     -3.26  success 0.700  lost 11  reloc  71  preem  71  prot   4  ev +0.68  ent 0.364  ( 3872s)
  ep 1610/2400  reward     -9.84  success 0.700  lost 10  reloc  79  preem  79  prot  11  ev +0.68  ent 0.364  ( 3895s)
  ep 1620/2400  reward     -8.10  success 0.700  lost 12  reloc  83  preem  82  prot   7  ev +0.68  ent 0.364  ( 3918s)
  ep 1630/2400  reward    -12.79  success 0.675  lost 13  reloc  71  preem  69  prot   8  ev +0.68  ent 0.364  ( 3941s)
  ep 1640/2400  reward    -10.26  success 0.675  lost 11  reloc  73  preem  73  prot   9  ev +0.64  ent 0.306  ( 3968s)
  ep 1650/2400  reward     +0.30  success 0.750  lost 10  reloc  73  preem  72  prot  10  ev +0.64  ent 0.306  ( 3991s)
  ep 1660/2400  reward    -13.42  success 0.575  lost 17  reloc  77  preem  77  prot   4  ev +0.64  ent 0.306  ( 4014s)
  ep 1670/2400  reward    -11.58  success 0.725  lost  9  reloc  75  preem  75  prot  10  ev +0.65  ent 0.354  ( 4041s)
  ep 1680/2400  reward    -13.49  success 0.750  lost 10  reloc  76  preem  76  prot   4  ev +0.65  ent 0.354  ( 4064s)
  ep 1690/2400  reward    -13.60  success 0.700  lost 11  reloc  75  preem  75  prot   8  ev +0.65  ent 0.354  ( 4088s)
  ep 1700/2400  reward    -16.78  success 0.725  lost 11  reloc  82  preem  82  prot   1  ev +0.66  ent 0.313  ( 4114s)
  ep 1710/2400  reward     -5.89  success 0.725  lost  9  reloc  78  preem  78  prot   4  ev +0.66  ent 0.313  ( 4137s)
  ep 1720/2400  reward    -17.54  success 0.675  lost 13  reloc  81  preem  80  prot   9  ev +0.66  ent 0.313  ( 4159s)
  ep 1730/2400  reward     -0.88  success 0.825  lost  6  reloc  81  preem  80  prot  19  ev +0.68  ent 0.291  ( 4186s)
  ep 1740/2400  reward     +0.75  success 0.825  lost  6  reloc  77  preem  76  prot  14  ev +0.68  ent 0.291  ( 4209s)
  ep 1750/2400  reward    -12.35  success 0.600  lost 10  reloc  78  preem  78  prot   2  ev +0.68  ent 0.291  ( 4232s)
  ep 1760/2400  reward    -16.38  success 0.675  lost 12  reloc  84  preem  81  prot   9  ev +0.66  ent 0.346  ( 4258s)
  ep 1770/2400  reward    -14.62  success 0.725  lost 10  reloc  70  preem  70  prot  10  ev +0.66  ent 0.346  ( 4282s)
  ep 1780/2400  reward    -18.67  success 0.725  lost 10  reloc  75  preem  75  prot   1  ev +0.66  ent 0.346  ( 4304s)
  ep 1790/2400  reward    -18.49  success 0.700  lost 11  reloc  69  preem  69  prot   9  ev +0.66  ent 0.346  ( 4327s)
  ep 1800/2400  reward     -7.81  success 0.675  lost 13  reloc  77  preem  76  prot   9  ev +0.66  ent 0.354  ( 4354s)
  ep 1810/2400  reward     -8.00  success 0.750  lost  9  reloc  80  preem  78  prot   9  ev +0.66  ent 0.354  ( 4376s)
  ep 1820/2400  reward     -6.42  success 0.675  lost 12  reloc  79  preem  77  prot   5  ev +0.66  ent 0.354  ( 4400s)
  ep 1830/2400  reward    -11.33  success 0.775  lost  9  reloc  68  preem  68  prot  15  ev +0.66  ent 0.308  ( 4426s)
  ep 1840/2400  reward    -13.66  success 0.725  lost  9  reloc  86  preem  86  prot   9  ev +0.66  ent 0.308  ( 4449s)
  ep 1850/2400  reward    -14.62  success 0.725  lost 11  reloc  81  preem  81  prot   9  ev +0.66  ent 0.308  ( 4471s)
  ep 1860/2400  reward    -20.03  success 0.750  lost  9  reloc  71  preem  71  prot   3  ev +0.66  ent 0.371  ( 4497s)
  ep 1870/2400  reward     -8.75  success 0.625  lost 15  reloc  73  preem  73  prot   7  ev +0.66  ent 0.371  ( 4520s)
  ep 1880/2400  reward    -11.85  success 0.700  lost 11  reloc  83  preem  82  prot  13  ev +0.66  ent 0.371  ( 4543s)
  ep 1890/2400  reward    -16.27  success 0.675  lost 13  reloc  80  preem  80  prot   8  ev +0.66  ent 0.269  ( 4569s)
  ep 1900/2400  reward    -13.76  success 0.675  lost 12  reloc  84  preem  81  prot  12  ev +0.66  ent 0.269  ( 4592s)
  ep 1910/2400  reward    -14.25  success 0.700  lost 12  reloc  85  preem  77  prot   9  ev +0.66  ent 0.269  ( 4614s)
  ep 1920/2400  reward     -2.93  success 0.650  lost 14  reloc  85  preem  85  prot   4  ev +0.65  ent 0.285  ( 4641s)
  ep 1930/2400  reward     +3.87  success 0.775  lost  7  reloc  78  preem  77  prot   6  ev +0.65  ent 0.285  ( 4664s)
  ep 1940/2400  reward     -8.43  success 0.750  lost  9  reloc  75  preem  75  prot   7  ev +0.65  ent 0.285  ( 4687s)
  ep 1950/2400  reward     -7.20  success 0.775  lost  8  reloc  79  preem  75  prot   8  ev +0.65  ent 0.285  ( 4710s)
  ep 1960/2400  reward    -22.27  success 0.675  lost 12  reloc  70  preem  68  prot   9  ev +0.68  ent 0.313  ( 4737s)
  ep 1970/2400  reward     -3.99  success 0.625  lost 15  reloc  70  preem  68  prot   8  ev +0.68  ent 0.313  ( 4760s)
  ep 1980/2400  reward     -8.28  success 0.725  lost 11  reloc  77  preem  76  prot   6  ev +0.68  ent 0.313  ( 4783s)
  ep 1990/2400  reward     -9.95  success 0.850  lost  6  reloc  79  preem  79  prot  15  ev +0.66  ent 0.312  ( 4809s)
  ep 2000/2400  reward    -10.65  success 0.775  lost  8  reloc  75  preem  75  prot  13  ev +0.66  ent 0.312  ( 4832s)
  ep 2010/2400  reward    -10.31  success 0.750  lost 10  reloc  80  preem  79  prot   7  ev +0.66  ent 0.312  ( 4855s)
  ep 2020/2400  reward    -11.48  success 0.750  lost 10  reloc  80  preem  80  prot   9  ev +0.66  ent 0.308  ( 4882s)
  ep 2030/2400  reward    -15.51  success 0.600  lost 16  reloc  75  preem  73  prot   7  ev +0.66  ent 0.308  ( 4904s)
  ep 2040/2400  reward     -6.59  success 0.700  lost 12  reloc  84  preem  84  prot  12  ev +0.66  ent 0.308  ( 4928s)
  ep 2050/2400  reward     -0.24  success 0.675  lost 13  reloc  84  preem  82  prot   5  ev +0.62  ent 0.302  ( 4955s)
  ep 2060/2400  reward    -13.12  success 0.750  lost 10  reloc  72  preem  72  prot   4  ev +0.62  ent 0.302  ( 4977s)
  ep 2070/2400  reward     -1.38  success 0.700  lost 12  reloc  72  preem  71  prot   3  ev +0.62  ent 0.302  ( 5000s)
  ep 2080/2400  reward    -14.24  success 0.700  lost 10  reloc  85  preem  83  prot  13  ev +0.68  ent 0.296  ( 5027s)
  ep 2090/2400  reward     -6.31  success 0.850  lost  5  reloc  75  preem  75  prot  13  ev +0.68  ent 0.296  ( 5050s)
  ep 2100/2400  reward    -16.88  success 0.600  lost 15  reloc  77  preem  77  prot   9  ev +0.68  ent 0.296  ( 5073s)
  ep 2110/2400  reward     -0.78  success 0.650  lost 14  reloc  75  preem  74  prot   6  ev +0.68  ent 0.296  ( 5096s)
  ep 2120/2400  reward     -8.34  success 0.700  lost 10  reloc  75  preem  73  prot  12  ev +0.58  ent 0.303  ( 5123s)
  ep 2130/2400  reward    -11.29  success 0.650  lost 14  reloc  75  preem  73  prot   5  ev +0.58  ent 0.303  ( 5147s)
  ep 2140/2400  reward     +4.35  success 0.775  lost  9  reloc  75  preem  75  prot  11  ev +0.58  ent 0.303  ( 5170s)
  ep 2150/2400  reward     -1.89  success 0.800  lost  8  reloc  77  preem  77  prot  11  ev +0.69  ent 0.268  ( 5197s)
  ep 2160/2400  reward     -9.41  success 0.725  lost  6  reloc  74  preem  74  prot   6  ev +0.69  ent 0.268  ( 5220s)
  ep 2170/2400  reward     -2.57  success 0.700  lost 12  reloc  74  preem  73  prot  13  ev +0.69  ent 0.268  ( 5244s)
  ep 2180/2400  reward    -13.88  success 0.675  lost 13  reloc  69  preem  67  prot   7  ev +0.69  ent 0.281  ( 5271s)
  ep 2190/2400  reward     -9.99  success 0.675  lost 13  reloc  80  preem  77  prot   9  ev +0.69  ent 0.281  ( 5293s)
  ep 2200/2400  reward    -13.00  success 0.750  lost 10  reloc  73  preem  69  prot   8  ev +0.69  ent 0.281  ( 5316s)
  ep 2210/2400  reward    -11.63  success 0.600  lost 16  reloc  75  preem  74  prot   3  ev +0.63  ent 0.276  ( 5343s)
  ep 2220/2400  reward     +0.49  success 0.700  lost 10  reloc  72  preem  72  prot  10  ev +0.63  ent 0.276  ( 5367s)
  ep 2230/2400  reward     -9.19  success 0.725  lost  9  reloc  82  preem  81  prot  13  ev +0.63  ent 0.276  ( 5390s)
  ep 2240/2400  reward     -8.52  success 0.775  lost  9  reloc  81  preem  81  prot  11  ev +0.65  ent 0.253  ( 5417s)
  ep 2250/2400  reward     -3.38  success 0.825  lost  7  reloc  75  preem  74  prot  15  ev +0.65  ent 0.253  ( 5440s)
  ep 2260/2400  reward     -6.07  success 0.775  lost  9  reloc  73  preem  73  prot  13  ev +0.65  ent 0.253  ( 5463s)
  ep 2270/2400  reward     -0.75  success 0.750  lost 10  reloc  83  preem  83  prot  13  ev +0.65  ent 0.253  ( 5487s)
  ep 2280/2400  reward     -9.14  success 0.675  lost 13  reloc  70  preem  68  prot   9  ev +0.63  ent 0.269  ( 5513s)
  ep 2290/2400  reward     -7.42  success 0.750  lost  7  reloc  81  preem  79  prot   8  ev +0.63  ent 0.269  ( 5535s)
  ep 2300/2400  reward     -6.71  success 0.775  lost  5  reloc  78  preem  77  prot  10  ev +0.63  ent 0.269  ( 5559s)
  ep 2310/2400  reward     -4.61  success 0.725  lost 10  reloc  70  preem  68  prot  10  ev +0.68  ent 0.296  ( 5586s)
  ep 2320/2400  reward    -10.43  success 0.650  lost 14  reloc  77  preem  74  prot   6  ev +0.68  ent 0.296  ( 5608s)
  ep 2330/2400  reward    -10.09  success 0.625  lost 14  reloc  66  preem  65  prot   5  ev +0.68  ent 0.296  ( 5632s)
  ep 2340/2400  reward     -6.76  success 0.675  lost 13  reloc  77  preem  76  prot   5  ev +0.67  ent 0.273  ( 5658s)
  ep 2350/2400  reward     -5.74  success 0.700  lost 12  reloc  76  preem  76  prot  10  ev +0.67  ent 0.273  ( 5681s)
  ep 2360/2400  reward    -13.53  success 0.600  lost 16  reloc  76  preem  73  prot   4  ev +0.67  ent 0.273  ( 5704s)
  ep 2370/2400  reward    -12.24  success 0.725  lost 10  reloc  79  preem  78  prot   5  ev +0.65  ent 0.303  ( 5731s)
  ep 2380/2400  reward    -10.92  success 0.700  lost 11  reloc  78  preem  76  prot  12  ev +0.65  ent 0.303  ( 5754s)
  ep 2390/2400  reward     -5.79  success 0.850  lost  6  reloc  69  preem  68  prot  14  ev +0.65  ent 0.303  ( 5779s)
  ep 2400/2400  reward     +1.51  success 0.675  lost 13  reloc  77  preem  77  prot   5  ev +0.68  ent 0.266  ( 5806s)
------------------------------------------------------------------------------
  critic target     : mc   (episode ends: 1456 time-limit truncation, 944 true terminal)
  first 20 episodes : -17.95
  last  20 episodes : -2.14   (change +15.81)
  best update mean  : -2.40
  wall time         : 5806s
  saved             : D:\MY_GURL\RESEARCH_PAPER\DT-MARL-Healthcare\python-ai\saved_models\marl\R3_batch32.pth
                      D:\MY_GURL\RESEARCH_PAPER\DT-MARL-Healthcare\python-ai\saved_models\marl\R3_batch32_best.pth
                      D:\MY_GURL\RESEARCH_PAPER\DT-MARL-Healthcare\python-ai\saved_models\marl\R3_batch32_history.csv
                      D:\MY_GURL\RESEARCH_PAPER\DT-MARL-Healthcare\python-ai\saved_models\marl\R3_batch32_updates.csv
  greedy, TRAIN window, 5 episodes: reward +26.02  success 0.770  reloc 29.0
