==============================================================================
SPRINT 7 RUNG 0 — MEASUREMENT ONLY (no training, no fix)
==============================================================================
  checkpoint    : saved_models/marl/mappo_R2_mc_target.pth
  kind=final episode=600 train mean reward=+4.68
  gamma=0.999 lambda=0.995 minibatches=4 epochs=4
  device        : cpu

------------------------------------------------------------------------------
D3 — high-risk sample census per PPO update (no retraining)
------------------------------------------------------------------------------
  update 01 (init) : bit_exact=True useful_highrisk_EDGE=37
  update 75 (best ): useful_highrisk_EDGE=8  per_mb_mean=1.60  zero_mb_frac=0.30
  update 75 (final): useful_highrisk_EDGE=8  per_mb_mean=1.60  zero_mb_frac=0.30
  wrote D:\MY_GURL\RESEARCH_PAPER\DT-MARL-Healthcare\python-ai\saved_models\marl\diag_S7_D3_sample_census_R2_mc_target.json
------------------------------------------------------------------------------
D4 — PPO update instrumentation (dry-run on deepcopies)
------------------------------------------------------------------------------
  update_01_init         replica ok=False (max|d|=7.46e+00)  grad_actor=0.2433  k1=+0.015996  k3=0.009391  clip=0.1625
    grad norms: {'all_decision': 0.1477116495370865, 'highrisk_EDGE': 0.03120291233062744, 'highrisk_not_EDGE': 0.0350496768951416, 'lowrisk_EDGE': 0.29691967368125916, 'lowrisk_not_EDGE': 0.3076787292957306, 'entropy_term': 7.125534466467798e-05}
    entries   : {'all_decision': 1213, 'highrisk_EDGE': 37, 'highrisk_not_EDGE': 43, 'lowrisk_EDGE': 500, 'lowrisk_not_EDGE': 630, 'entropy_term': 1213}
  update_75_best         replica ok=False (max|d|=3.91e+00)  grad_actor=0.0662  k1=-0.000073  k3=0.000000  clip=0.0000
    grad norms: {'all_decision': 0.03447623550891876, 'highrisk_EDGE': 0.004780000541359186, 'highrisk_not_EDGE': 0.0041315932758152485, 'lowrisk_EDGE': 0.060555458068847656, 'lowrisk_not_EDGE': 0.050109658390283585, 'entropy_term': 0.00481553515419364}
    entries   : {'all_decision': 5770, 'highrisk_EDGE': 8, 'highrisk_not_EDGE': 222, 'lowrisk_EDGE': 337, 'lowrisk_not_EDGE': 5192, 'entropy_term': 5770}
  update_75_final        replica ok=False (max|d|=3.91e+00)  grad_actor=0.0662  k1=-0.000073  k3=0.000000  clip=0.0000
    grad norms: {'all_decision': 0.03447623550891876, 'highrisk_EDGE': 0.004780000541359186, 'highrisk_not_EDGE': 0.0041315932758152485, 'lowrisk_EDGE': 0.060555458068847656, 'lowrisk_not_EDGE': 0.050109658390283585, 'entropy_term': 0.00481553515419364}
    entries   : {'all_decision': 5770, 'highrisk_EDGE': 8, 'highrisk_not_EDGE': 222, 'lowrisk_EDGE': 337, 'lowrisk_not_EDGE': 5192, 'entropy_term': 5770}
  wrote D:\MY_GURL\RESEARCH_PAPER\DT-MARL-Healthcare\python-ai\saved_models\marl\diag_S7_D4_ppo_update_R2_mc_target.json
