==============================================================================
SPRINT 6 — MAPPO TRAINING
==============================================================================
DT-MARL environment (trace-driven replay of the CloudSim Digital Twin)
  agents            : 10 (one per edge node)
  topology          : ring topology, n=10, offsets=[-2, -1, 1, 2], degree=4, plus 1 cloud tier (id -2)
  obs dim / agent   : 48
  centralized state : 489
  actions           : 4 (STAY, MIGRATE_TO_NEIGHBOR_EDGE, MIGRATE_TO_CLOUD, PREEMPTIVE_REROUTE)
  decision interval : 2.0 s (2 recorded ticks)
  episode           : 400 steps = 800 s of cluster time
  trace             : 10 nodes x 1500 ticks
  episode starts    : ticks [9, 491]
  risk              : risk_source=oof calibrated=False min=0.0145 max=0.9585 mean=0.0785 distinct=203 first_valid_tick=9
                      Leakage-safe out-of-fold sigmoid scores: every window scored by a model that never trained on its temporal block. UNCALIBRATED (pools 5 folds).
  workload          : 40 healthcare tasks, Sprint-5 criticality

MAPPO (centralised training, decentralised execution)
  actors            : 10 x MLP(48 -> [128, 128] -> 4), separate=True
  centralised critic: MLP(489+10 -> [256, 256] -> 1)
  clip=0.2 value_clip=0.2 ent=0.02 vf=0.5
  gamma=0.999 lambda=0.995 epochs=4 minibatches=4
  lr_actor=0.0007 lr_critic=0.001 grad_clip=0.5
  device=cpu
  independence      : 10 independent actors (233,000 params total, 23,300 each), 1 centralised critic (194,049 params)

  episodes          : 600 (8 per PPO update = 75 updates)
  train start window: ticks [9, 491] (first 70% of the usable range; evaluate.py uses the rest)
  seed              : 20260818
==============================================================================
  ep    1/600  reward    +34.97  success 0.750  lost  6  reloc  87  preem  86  prot  11  ev +nan  ent nan  (    2s)
  ep   50/600  reward     +6.14  success 0.650  lost 13  reloc  85  preem  84  prot   8  ev +0.22  ent 0.688  (  127s)
  ep  100/600  reward     +8.57  success 0.750  lost 10  reloc  85  preem  85  prot  17  ev +0.56  ent 0.521  (  247s)
  ep  150/600  reward     +6.77  success 0.650  lost 13  reloc  81  preem  81  prot   6  ev +0.69  ent 0.413  (  369s)
  ep  200/600  reward     +7.18  success 0.625  lost 14  reloc  76  preem  75  prot   8  ev +0.70  ent 0.409  (  491s)
  ep  250/600  reward     +7.52  success 0.625  lost 13  reloc  69  preem  69  prot   5  ev +0.74  ent 0.392  (  616s)
  ep  300/600  reward     +5.49  success 0.750  lost  7  reloc  72  preem  71  prot  14  ev +0.78  ent 0.285  (  736s)
  ep  350/600  reward     +3.74  success 0.700  lost  9  reloc  80  preem  79  prot  11  ev +0.84  ent 0.377  (  858s)
  ep  400/600  reward     +4.47  success 0.725  lost  9  reloc  79  preem  78  prot  17  ev +0.80  ent 0.379  (  980s)
  ep  450/600  reward     +4.52  success 0.775  lost  9  reloc  74  preem  74  prot  17  ev +0.83  ent 0.361  ( 1101s)
  ep  500/600  reward     +5.24  success 0.725  lost  8  reloc  77  preem  77  prot  10  ev +0.83  ent 0.290  ( 1221s)
  ep  550/600  reward     +7.02  success 0.725  lost 11  reloc  88  preem  88  prot  10  ev +0.87  ent 0.366  ( 1341s)
  ep  600/600  reward    +13.15  success 0.725  lost  9  reloc  82  preem  82  prot   7  ev +0.87  ent 0.297  ( 1464s)
------------------------------------------------------------------------------
  first 20 episodes : +10.47
  last  20 episodes : +12.41   (change +1.94)
  best update mean  : +21.96
  wall time         : 1464s
  saved             : D:\MY_GURL\RESEARCH_PAPER\DT-MARL-Healthcare\python-ai\saved_models\marl\mappo_A2_crit_sign.pth
                      D:\MY_GURL\RESEARCH_PAPER\DT-MARL-Healthcare\python-ai\saved_models\marl\mappo_A2_crit_sign_best.pth
                      D:\MY_GURL\RESEARCH_PAPER\DT-MARL-Healthcare\python-ai\saved_models\marl\mappo_A2_crit_sign_history.csv
                      D:\MY_GURL\RESEARCH_PAPER\DT-MARL-Healthcare\python-ai\saved_models\marl\mappo_A2_crit_sign_updates.csv
  greedy, TRAIN window, 5 episodes: reward +14.69  success 0.735  reloc 70.8
