feature arm=observable  windows=(14910, 10, 26)  positives=320  negatives=14590
nodes=[0, 1, 2, 3, 4, 5, 6, 7, 8, 9]  features=26

============================================================================================================
A. TRIVIAL BASELINES (no model, no training) -- any real model must beat these
============================================================================================================
  always predict NEGATIVE                        acc= 97.85%  prec=0.0000  rec=0.0000  f1=0.0000  TN=14590 FP=0 FN=320 TP=0
  always predict POSITIVE                        acc=  2.15%  prec=0.0215  rec=1.0000  f1=0.0420  TN=0 FP=14590 FN=0 TP=320
  rule: linkUp==1 -> alert                       acc=  8.75%  prec=0.0230  rec=1.0000  f1=0.0449  TN=984 FP=13606 FN=0 TP=320
  rule: active==1 -> alert                       acc=  8.75%  prec=0.0230  rec=1.0000  f1=0.0449  TN=984 FP=13606 FN=0 TP=320
  rule: degraded==1 -> alert                     acc= 97.90%  prec=0.7333  rec=0.0344  f1=0.0657  TN=14586 FP=4 FN=309 TP=11
  rule: active==0 AND linkUp==1 -> alert         acc= 97.85%  prec=0.0000  rec=0.0000  f1=0.0000  TN=14590 FP=0 FN=320 TP=0
  rule: cpu>90 -> alert                          acc= 97.90%  prec=0.7333  rec=0.0344  f1=0.0657  TN=14586 FP=4 FN=309 TP=11
  rule: linkLatencyMs>60 -> alert                acc= 91.25%  prec=0.1070  rec=0.4188  f1=0.1705  TN=13472 FP=1118 FN=186 TP=134

============================================================================================================
B. INFORMATION CEILING (exact-duplicate window analysis)
============================================================================================================
  NOTE: with continuous, noisy telemetry exact duplicates are rare, so
  this ceiling is loose (it only catches byte-identical tensors). On the
  old constant-column dataset it was tight and showed 74% of positives
  were unpredictable; treat a high ceiling here as 'no proof of
  impossibility', not as 'proof of learnability'.

  RAW 12 observable telemetry columns (no engineering)
    distinct window patterns : 14184 / 14910
    ambiguous patterns       : 0 (identical features, BOTH labels)
    positives that are provably unpredictable: 0/320 (0.0%)
    accuracy-optimal ceiling : acc=100.00%  rec=1.000  prec=1.000

  OBSERVABLE arm: 26 engineered causal features
    distinct window patterns : 14270 / 14910
    ambiguous patterns       : 0 (identical features, BOTH labels)
    positives that are provably unpredictable: 0/320 (0.0%)
    accuracy-optimal ceiling : acc=100.00%  rec=1.000  prec=1.000

  raw 12 columns rounded to 0.1: 14184 distinct patterns, 0/320 positives ambiguous (0.0%)

============================================================================================================
C. LEAVE-ONE-NODE-OUT CV -- train on 9 hosts, test on the unseen 10th
   (threshold selected on a validation slice of the TRAINING hosts only;
    the held-out host contributes nothing to scaler, training, early
    stopping, or threshold selection)
============================================================================================================
  held-out node 0 (thr=0.75, pos=30)             acc= 97.92%  prec=0.4878  rec=0.6667  f1=0.5634  TN=1440 FP=21 FN=10 TP=20  PR-AUC=0.4042 ROC-AUC=0.9260
  held-out node 1 (thr=0.90, pos=20)             acc= 98.12%  prec=0.3571  rec=0.5000  f1=0.4167  TN=1453 FP=18 FN=10 TP=10  PR-AUC=0.3726 ROC-AUC=0.8063
  held-out node 2 (thr=0.79, pos=60)             acc= 97.45%  prec=0.7895  rec=0.5000  f1=0.6122  TN=1423 FP=8 FN=30 TP=30  PR-AUC=0.6879 ROC-AUC=0.8786
  held-out node 3 (thr=0.70, pos=20)             acc= 99.20%  prec=0.8333  rec=0.5000  f1=0.6250  TN=1469 FP=2 FN=10 TP=10  PR-AUC=0.5055 ROC-AUC=0.5297
  held-out node 4 (thr=0.05, pos=10)             acc=  4.36%  prec=0.0070  rec=1.0000  f1=0.0138  TN=55 FP=1426 FN=0 TP=10  PR-AUC=0.6678 ROC-AUC=0.9951
  held-out node 5 (thr=0.56, pos=20)             acc= 96.91%  prec=0.2593  rec=0.7000  f1=0.3784  TN=1431 FP=40 FN=6 TP=14  PR-AUC=0.2116 ROC-AUC=0.9761
  held-out node 6 (thr=0.15, pos=60)             acc= 95.98%  prec=0.0000  rec=0.0000  f1=0.0000  TN=1431 FP=0 FN=60 TP=0  PR-AUC=0.0419 ROC-AUC=0.4944
  held-out node 7 (thr=0.80, pos=70)             acc= 96.58%  prec=0.7714  rec=0.3857  f1=0.5143  TN=1413 FP=8 FN=43 TP=27  PR-AUC=0.5832 ROC-AUC=0.8336
  held-out node 8 (thr=0.79, pos=20)             acc= 97.92%  prec=0.3922  rec=1.0000  f1=0.5634  TN=1440 FP=31 FN=0 TP=20  PR-AUC=0.8905 ROC-AUC=0.9977
  held-out node 9 (thr=0.30, pos=10)             acc= 97.12%  prec=0.1887  rec=1.0000  f1=0.3175  TN=1438 FP=43 FN=0 TP=10  PR-AUC=0.2040 ROC-AUC=0.9812

  POOLED leave-one-node-out:
  LONO pooled                                    acc= 88.16%  prec=0.0864  rec=0.4719  f1=0.1460  TN=12993 FP=1597 FN=169 TP=151  PR-AUC=0.3043 ROC-AUC=0.8319

Interpretation: compare LONO against the (node, temporal-block) grouped-CV
headline in train_failure_predictor.py. Some drop is expected — hosts
differ in susceptibility and in which fault mechanism they drew. What
would invalidate the headline is LONO falling to the section-A baselines.

Wrote saved_models/host_lono.json
