Device: cuda
Feature arm: observable  (12 raw -> 26 engineered)
raw columns: ['cpu', 'ram', 'bandwidth', 'energy', 'runningTasks', 'active', 'degraded', 'linkUp', 'linkBandwidthMbps', 'linkLatencyMs', 'linkPacketLoss', 'underAttack']

Windows: (14910, 10, 26)  positives: 320 (2.15%)  blocks: 1500  nodes: 10

=== Leakage-safe grouped CV (5 folds, 80 epochs) ===
fold 0: thr=0.09 acc=0.9658 prec=0.272 rec=0.756 pos_test=45 purged=5731
fold 1: thr=0.26 acc=0.9705 prec=0.394 rec=0.389 pos_test=72 purged=5722
fold 2: thr=0.94 acc=0.9814 prec=0.573 rec=0.797 pos_test=69 purged=5813
  WARNING: threshold pinned at search-grid boundary (0.95); val F1=0.717. Scores poorly separated - distinct probabilities: 55
fold 3: thr=0.95 acc=0.9776 prec=0.468 rec=0.453 pos_test=64 purged=5923
fold 4: thr=0.62 acc=0.9475 prec=0.299 rec=0.914 pos_test=70 purged=5750

windows scored out-of-fold: 14910/14910 (100.0%), positives covered: 320/320

=== POOLED OUT-OF-FOLD METRICS (headline) ===

[host predictor / pooled OOF]  n=14910  positives=320 (2.15%)
  Accuracy        :  96.86%   (always-negative would score 97.85%)
  Precision       : 0.3697
  Recall          : 0.6562
  F1-score        : 0.4730
  PR-AUC          : 0.2863   (random ranking = 0.0215)
  ROC-AUC         : 0.8159   (random = 0.5000)
  Pos. pred. rate : 3.81%  (alerts raised on this share of all windows)
  Confusion       : TN=14232 FP=358 FN=110 TP=210
                    [[ 14232   358]   rows=true 0/1
                     [   110   210]]  cols=pred 0/1

=== TRIVIAL BASELINES (same windows, same metrics) ===

[BASELINE always-negative]  n=14910  positives=320 (2.15%)
  Accuracy        :  97.85%   (always-negative would score 97.85%)
  Precision       : 0.0000
  Recall          : 0.0000
  F1-score        : 0.0000
  Pos. pred. rate : 0.00%  (alerts raised on this share of all windows)
  Confusion       : TN=14590 FP=0 FN=320 TP=0
                    [[ 14590     0]   rows=true 0/1
                     [   320     0]]  cols=pred 0/1

[BASELINE linkUp==1]  n=14910  positives=320 (2.15%)
  Accuracy        :   8.75%   (always-negative would score 97.85%)
  Precision       : 0.0230
  Recall          : 1.0000
  F1-score        : 0.0449
  Pos. pred. rate : 93.40%  (alerts raised on this share of all windows)
  Confusion       : TN=984 FP=13606 FN=0 TP=320
                    [[   984 13606]   rows=true 0/1
                     [     0   320]]  cols=pred 0/1

[BASELINE degraded==1]  n=14910  positives=320 (2.15%)
  Accuracy        :  97.90%   (always-negative would score 97.85%)
  Precision       : 0.7333
  Recall          : 0.0344
  F1-score        : 0.0657
  Pos. pred. rate : 0.10%  (alerts raised on this share of all windows)
  Confusion       : TN=14586 FP=4 FN=309 TP=11
                    [[ 14586     4]   rows=true 0/1
                     [   309    11]]  cols=pred 0/1

[BASELINE active==1]  n=14910  positives=320 (2.15%)
  Accuracy        :   8.75%   (always-negative would score 97.85%)
  Precision       : 0.0230
  Recall          : 1.0000
  F1-score        : 0.0449
  Pos. pred. rate : 93.40%  (alerts raised on this share of all windows)
  Confusion       : TN=984 FP=13606 FN=0 TP=320
                    [[   984 13606]   rows=true 0/1
                     [     0   320]]  cols=pred 0/1

--- headline vs baselines (F1 is the comparison that matters) ---
  model                       acc     prec      rec       F1
  PREDICTOR (OOF)          96.86%   0.3697   0.6562   0.4730
  always-negative          97.85%   0.0000   0.0000   0.0000
  linkUp==1                 8.75%   0.0230   1.0000   0.0449
  degraded==1              97.90%   0.7333   0.0344   0.0657
  active==1                 8.75%   0.0230   1.0000   0.0449

=== Training final deployable model (4/5 grouped split) ===
Final deployment threshold: 0.180 (val F1=0.5625)
NOTE: the threshold was tuned on that same 1/5 slice, so its F1 (0.5625) is optimistic.
      Quote the pooled OOF numbers above, not this one.

Saved: failure_predictor.pth + scaler + meta + OOF probs + host_metrics.json
Training complete.
