==============================================================================
SPRINT 6 — MAPPO TRAINING
==============================================================================
DT-MARL environment (trace-driven replay of the CloudSim Digital Twin)
  agents            : 10 (one per edge node)
  topology          : ring topology, n=10, offsets=[-2, -1, 1, 2], degree=4, plus 1 cloud tier (id -2)
  obs dim / agent   : 48
  centralized state : 489
  actions           : 4 (STAY, MIGRATE_TO_NEIGHBOR_EDGE, MIGRATE_TO_CLOUD, PREEMPTIVE_REROUTE)
  decision interval : 2.0 s (2 recorded ticks)
  episode           : 400 steps = 800 s of cluster time
  trace             : 10 nodes x 1500 ticks
  episode starts    : ticks [9, 491]
  risk              : risk_source=oof calibrated=False min=0.0145 max=0.9585 mean=0.0785 distinct=203 first_valid_tick=9
                      Leakage-safe out-of-fold sigmoid scores: every window scored by a model that never trained on its temporal block. UNCALIBRATED (pools 5 folds).
  workload          : 40 healthcare tasks, Sprint-5 criticality

MAPPO (centralised training, decentralised execution)
  actors            : 10 x MLP(48 -> [128, 128] -> 4), separate=True
  centralised critic: MLP(489+10 -> [256, 256] -> 1)
  clip=0.2 value_clip=0.2 ent=0.01 vf=0.5
  gamma=0.99 lambda=0.95 epochs=4 minibatches=4
  lr_actor=0.0003 lr_critic=0.001 grad_clip=0.5
  device=cpu
  independence      : 10 independent actors (233,000 params total, 23,300 each), 1 centralised critic (194,049 params)

  episodes          : 400 (4 per PPO update = 100 updates)
  train start window: ticks [9, 491] (first 70% of the usable range; evaluate.py uses the rest)
  seed              : 20260818
==============================================================================
  ep    1/400  reward    -90.24  success 0.750  lost  6  reloc  89  preem  87  prot  12  (    2s)
  ep   20/400  reward   -121.45  success 0.525  lost 18  reloc  90  preem  88  prot   3  (   48s)
  ep   40/400  reward   -138.27  success 0.450  lost 19  reloc 103  preem 103  prot   7  (   95s)
  ep   60/400  reward   -159.03  success 0.450  lost 17  reloc 100  preem  99  prot  13  (  141s)
  ep   80/400  reward   -165.69  success 0.450  lost 18  reloc 106  preem 106  prot  11  (  188s)
  ep  100/400  reward   -179.64  success 0.350  lost 22  reloc  99  preem  99  prot   7  (  233s)
  ep  120/400  reward   -187.94  success 0.275  lost 27  reloc 105  preem 104  prot   2  (  281s)
  ep  140/400  reward   -178.83  success 0.350  lost 23  reloc  99  preem  99  prot   5  (  328s)
  ep  160/400  reward   -182.45  success 0.250  lost 28  reloc  94  preem  92  prot   4  (  373s)
  ep  180/400  reward   -177.37  success 0.225  lost 23  reloc  97  preem  96  prot   7  (  419s)
  ep  200/400  reward   -177.68  success 0.250  lost 30  reloc  96  preem  95  prot   1  (  466s)
  ep  220/400  reward   -178.82  success 0.200  lost 27  reloc 104  preem 104  prot  11  (  512s)
  ep  240/400  reward   -179.10  success 0.400  lost 20  reloc 101  preem 101  prot  11  (  559s)
  ep  260/400  reward   -171.89  success 0.475  lost 17  reloc 110  preem 110  prot   7  (  607s)
  ep  280/400  reward   -178.58  success 0.450  lost 20  reloc 102  preem 101  prot  10  (  654s)
  ep  300/400  reward   -170.60  success 0.375  lost 21  reloc  99  preem  99  prot  10  (  701s)
  ep  320/400  reward   -184.52  success 0.400  lost 20  reloc  99  preem  98  prot   8  (  748s)
  ep  340/400  reward   -177.86  success 0.400  lost 22  reloc 103  preem 102  prot   5  (  795s)
  ep  360/400  reward   -186.93  success 0.300  lost 24  reloc  98  preem  98  prot   5  (  843s)
  ep  380/400  reward   -173.26  success 0.425  lost 19  reloc  81  preem  79  prot   9  (  890s)
  ep  400/400  reward   -173.44  success 0.300  lost 25  reloc  93  preem  91  prot   5  (  938s)
------------------------------------------------------------------------------
  first 20 episodes : -121.45
  last  20 episodes : -173.44   (change -51.99)
  best update mean  : -99.60
  wall time         : 938s
  saved             : D:\MY_GURL\RESEARCH_PAPER\DT-MARL-Healthcare\python-ai\saved_models\marl\mappo.pth
                      D:\MY_GURL\RESEARCH_PAPER\DT-MARL-Healthcare\python-ai\saved_models\marl\mappo_best.pth
                      D:\MY_GURL\RESEARCH_PAPER\DT-MARL-Healthcare\python-ai\saved_models\marl\mappo_history.csv
                      D:\MY_GURL\RESEARCH_PAPER\DT-MARL-Healthcare\python-ai\saved_models\marl\mappo_updates.csv
  greedy, TRAIN window, 5 episodes: reward -146.55  success 0.320  reloc 46.0
