==============================================================================
SPRINT 7 R3 -- EXPLORATORY: which ACTION CHANNEL carries the risk
        response?  The preregistered P1/P2/P3 measure only the
        MIGRATE_EDGE column of this same table.
==============================================================================
  NOT a preregistered metric. Cannot and does not change R3's
  NO-GO. Reported as an exploratory observation only.

  eval window [491, 698]  starts 32  arms A0, R2, A1, A2, A3, R3

-- RANDOM  decision 4975  risk<0.2 4757  risk>=0.6 216 ------------
    arm           action     P|lo     P|hi     Delta                 CI95       z      rho
     A0             STAY   0.5352   0.6503   +0.1151   [+0.0432, +0.1879]   +3.13  +0.0385
     A0     MIGRATE_EDGE   0.1525   0.1261   -0.0264   [-0.0543, +0.0008]   -1.86  -0.0286
     A0    MIGRATE_CLOUD   0.3123   0.2237   -0.0886   [-0.1548, -0.0188]   -2.52  -0.0183
     A0  PREEMPT_REROUTE   0.0000   0.0000   -0.0000   [-0.0000, -0.0000]  -52.89  -0.0051
     R2             STAY   0.5921   0.5229   -0.0692   [-0.1301, -0.0082]   -2.21  -0.0092
     R2     MIGRATE_EDGE   0.1425   0.3449   +0.2024   [+0.1534, +0.2554]   +7.72  +0.0777
     R2    MIGRATE_CLOUD   0.2652   0.1322   -0.1331   [-0.1781, -0.0861]   -5.69  -0.0398
     R2  PREEMPT_REROUTE   0.0002   0.0000   -0.0002   [-0.0002, -0.0002]  -57.45  -0.0051
     A1             STAY   0.5422   0.5241   -0.0181   [-0.0515, +0.0126]   -1.12  -0.0300
     A1     MIGRATE_EDGE   0.1799   0.3173   +0.1375   [+0.1052, +0.1706]   +8.15  +0.0831
     A1    MIGRATE_CLOUD   0.2778   0.1586   -0.1193   [-0.1689, -0.0672]   -4.63  -0.0271
     A1  PREEMPT_REROUTE   0.0001   0.0000   -0.0001   [-0.0001, -0.0001]  -57.15  -0.0050
     A2             STAY   0.4041   0.4449   +0.0408   [-0.0033, +0.0835]   +1.82  +0.0445
     A2     MIGRATE_EDGE   0.3381   0.3779   +0.0398   [-0.0011, +0.0828]   +1.87  +0.0100
     A2    MIGRATE_CLOUD   0.2576   0.1772   -0.0804   [-0.1320, -0.0268]   -3.01  -0.0266
     A2  PREEMPT_REROUTE   0.0001   0.0000   -0.0001   [-0.0001, -0.0001]  -54.41  -0.0051
     A3             STAY   0.4845   0.4496   -0.0349   [-0.0785, +0.0083]   -1.57  +0.0163
     A3     MIGRATE_EDGE   0.2512   0.3834   +0.1322   [+0.0918, +0.1764]   +6.19  +0.0349
     A3    MIGRATE_CLOUD   0.2613   0.1670   -0.0943   [-0.1449, -0.0405]   -3.51  -0.0313
     A3  PREEMPT_REROUTE   0.0030   0.0000   -0.0030   [-0.0031, -0.0029]  -57.90  -0.0049
     R3             STAY   0.6328   0.5825   -0.0503   [-0.0859, -0.0111]   -2.65  +0.0010
     R3     MIGRATE_EDGE   0.1241   0.2817   +0.1575   [+0.1184, +0.1931]   +8.14  +0.0656
     R3    MIGRATE_CLOUD   0.2412   0.1358   -0.1054   [-0.1459, -0.0629]   -4.92  -0.0406
     R3  PREEMPT_REROUTE   0.0018   0.0000   -0.0018   [-0.0019, -0.0018]  -56.92  -0.0049

-- UNION  decision 74237  risk<0.2 70621  risk>=0.6 3592 ------------
    arm           action     P|lo     P|hi     Delta                 CI95       z      rho
     A0             STAY   0.7228   0.7102   -0.0126   [-0.0351, +0.0082]   -1.13  -0.0207
     A0     MIGRATE_EDGE   0.2042   0.2233   +0.0191   [-0.0020, +0.0434]   +1.62  +0.0232
     A0    MIGRATE_CLOUD   0.0730   0.0664   -0.0066   [-0.0180, +0.0046]   -1.15  -0.0018
     A0  PREEMPT_REROUTE   0.0000   0.0000   -0.0000   [-0.0000, -0.0000]  -39.29  -0.0008
     R2             STAY   0.7996   0.6562   -0.1434   [-0.1573, -0.1285]  -19.64  -0.0753
     R2     MIGRATE_EDGE   0.1423   0.3002   +0.1579   [+0.1445, +0.1710]  +23.25  +0.0860
     R2    MIGRATE_CLOUD   0.0581   0.0436   -0.0145   [-0.0214, -0.0075]   -4.09  -0.0026
     R2  PREEMPT_REROUTE   0.0000   0.0000   -0.0000   [-0.0000, -0.0000]  -38.28  -0.0008
     A1             STAY   0.7104   0.6628   -0.0476   [-0.0588, -0.0351]   -7.90  -0.0390
     A1     MIGRATE_EDGE   0.2252   0.2880   +0.0628   [+0.0536, +0.0710]  +14.14  +0.0453
     A1    MIGRATE_CLOUD   0.0644   0.0493   -0.0151   [-0.0239, -0.0066]   -3.46  -0.0028
     A1  PREEMPT_REROUTE   0.0000   0.0000   -0.0000   [-0.0000, -0.0000]  -38.78  -0.0008
     A2             STAY   0.4726   0.5081   +0.0355   [+0.0232, +0.0496]   +5.16  +0.0161
     A2     MIGRATE_EDGE   0.4679   0.4432   -0.0248   [-0.0362, -0.0143]   -4.42  -0.0105
     A2    MIGRATE_CLOUD   0.0595   0.0487   -0.0107   [-0.0184, -0.0034]   -2.81  -0.0026
     A2  PREEMPT_REROUTE   0.0000   0.0000   -0.0000   [-0.0000, -0.0000]  -39.32  -0.0008
     A3             STAY   0.6305   0.5427   -0.0878   [-0.0967, -0.0783]  -18.81  -0.0273
     A3     MIGRATE_EDGE   0.3105   0.4039   +0.0933   [+0.0861, +0.1008]  +24.90  +0.0323
     A3    MIGRATE_CLOUD   0.0585   0.0534   -0.0052   [-0.0133, +0.0028]   -1.25  -0.0019
     A3  PREEMPT_REROUTE   0.0004   0.0000   -0.0004   [-0.0004, -0.0004]  -38.38  -0.0008
     R3             STAY   0.7972   0.6911   -0.1061   [-0.1220, -0.0914]  -13.73  -0.0555
     R3     MIGRATE_EDGE   0.1388   0.2630   +0.1242   [+0.1102, +0.1398]  +16.35  +0.0646
     R3    MIGRATE_CLOUD   0.0637   0.0459   -0.0178   [-0.0268, -0.0092]   -3.98  -0.0031
     R3  PREEMPT_REROUTE   0.0002   0.0000   -0.0002   [-0.0003, -0.0002]  -38.68  -0.0008

==============================================================================
SUMMARY -- risk response Delta by channel (RANDOM / UNION)
==============================================================================
   arm       STAY  MIGRATE_E  MIGRATE_C  PREEMPT_R   set
    A0    +0.1151    -0.0264    -0.0886    -0.0000   RANDOM
    R2    -0.0692    +0.2024    -0.1331    -0.0002   RANDOM
    A1    -0.0181    +0.1375    -0.1193    -0.0001   RANDOM
    A2    +0.0408    +0.0398    -0.0804    -0.0001   RANDOM
    A3    -0.0349    +0.1322    -0.0943    -0.0030   RANDOM
    R3    -0.0503    +0.1575    -0.1054    -0.0018   RANDOM
    A0    -0.0126    +0.0191    -0.0066    -0.0000   UNION
    R2    -0.1434    +0.1579    -0.0145    -0.0000   UNION
    A1    -0.0476    +0.0628    -0.0151    -0.0000   UNION
    A2    +0.0355    -0.0248    -0.0107    -0.0000   UNION
    A3    -0.0878    +0.0933    -0.0052    -0.0004   UNION
    R3    -0.1061    +0.1242    -0.0178    -0.0002   UNION

  read: the preregistered P1/P2 are the MIGRATE_EDGE column only.
        Sum over the four columns is 0 by construction, so the
        question is which channel absorbs what leaves STAY.

  wrote D:\MY_GURL\RESEARCH_PAPER\DT-MARL-Healthcare\python-ai\saved_models\marl\SPRINT_7_R3_action_channels_R3.json
==============================================================================
