==============================================================================
SPRINT 7 RUNG 3 -- CLUSTER BOOTSTRAP over episodes
        exact by linearity: every replicate is a quadratic form in
        the episode-multiplicity vector. OFFLINE ONLY.
==============================================================================
  replicates 10000   OWN batch 32 episodes
  cosines and norm RATIOS are invariant to the replicate's 1/D,
  so the changing denominator cannot bias them.

  rebuilding the same three sources ...

-- A0 / OWN -----------------------------------------------------
   n_eps=32  T=12523  decision=13144   reassembly err  hi 1.20e-07  lo 2.84e-07
   BOOTSTRAP (10000 episode resamples)
           cos(g_hi,g_synth): +0.80885 +/- 0.12034  95% [+0.50872, +0.95481]  P(>0) 0.9999
         cos(g_full,g_synth): +0.27634 +/- 0.24050  95% [-0.25168, +0.65155]  P(>0) 0.8586
            cos(g_full,g_lo): +0.93812 +/- 0.03202  95% [+0.85960, +0.98065]  P(>0) 1.0000
              cos(g_hi,g_lo): +0.09743 +/- 0.26909  95% [-0.46539, +0.56682]  P(>0) 0.6520
         ||g_hi||/||g_full||: 0.35002  95% [0.21058, 0.53085]
           ||g_hi||/||g_lo||: 0.38843  95% [0.22043, 0.61247]

-- A0 / RANDOM --------------------------------------------------
   n_eps=32  T=12715  decision=4975   reassembly err  hi 7.86e-08  lo 1.31e-07
   BOOTSTRAP (10000 episode resamples)
           cos(g_hi,g_synth): +0.72698 +/- 0.16112  95% [+0.32664, +0.93329]  P(>0) 0.9985
         cos(g_full,g_synth): +0.12862 +/- 0.13373  95% [-0.14401, +0.37717]  P(>0) 0.8347
            cos(g_full,g_lo): +0.99310 +/- 0.00396  95% [+0.98317, +0.99827]  P(>0) 1.0000
              cos(g_hi,g_lo): +0.20073 +/- 0.12663  95% [-0.04025, +0.45520]  P(>0) 0.9494
         ||g_hi||/||g_full||: 0.11643  95% [0.05979, 0.18909]
           ||g_hi||/||g_lo||: 0.12074  95% [0.06053, 0.20177]

-- A0 / UNION ---------------------------------------------------
   n_eps=64  T=24521  decision=74237   reassembly err  hi 1.35e-07  lo 1.68e-07
   BOOTSTRAP (10000 episode resamples)
           cos(g_hi,g_synth): +0.19470 +/- 0.14997  95% [-0.10163, +0.47811]  P(>0) 0.8979
         cos(g_full,g_synth): +0.07505 +/- 0.05802  95% [-0.03224, +0.19685]  P(>0) 0.9071
            cos(g_full,g_lo): +0.99824 +/- 0.00049  95% [+0.99714, +0.99904]  P(>0) 1.0000
              cos(g_hi,g_lo): +0.68097 +/- 0.04799  95% [+0.58486, +0.77376]  P(>0) 1.0000
         ||g_hi||/||g_full||: 0.08017  95% [0.06776, 0.09501]
           ||g_hi||/||g_lo||: 0.08496  95% [0.07147, 0.10118]

-- R2 / OWN -----------------------------------------------------
   n_eps=32  T=12684  decision=22098   reassembly err  hi 2.03e-07  lo 2.23e-07
   BOOTSTRAP (10000 episode resamples)
           cos(g_hi,g_synth): +0.34781 +/- 0.34990  95% [-0.43923, +0.84492]  P(>0) 0.8169
         cos(g_full,g_synth): -0.18127 +/- 0.19734  95% [-0.56076, +0.20728]  P(>0) 0.1807
            cos(g_full,g_lo): +0.97297 +/- 0.01834  95% [+0.92671, +0.99378]  P(>0) 1.0000
              cos(g_hi,g_lo): +0.09947 +/- 0.26998  95% [-0.46139, +0.55467]  P(>0) 0.6555
         ||g_hi||/||g_full||: 0.22973  95% [0.11703, 0.38847]
           ||g_hi||/||g_lo||: 0.24387  95% [0.11857, 0.43610]

-- R2 / RANDOM --------------------------------------------------
   n_eps=32  T=12715  decision=4975   reassembly err  hi 8.71e-08  lo 1.29e-07
   BOOTSTRAP (10000 episode resamples)
           cos(g_hi,g_synth): +0.74530 +/- 0.11746  95% [+0.45881, +0.91355]  P(>0) 1.0000
         cos(g_full,g_synth): -0.07405 +/- 0.05394  95% [-0.19597, +0.01616]  P(>0) 0.0608
            cos(g_full,g_lo): +0.99906 +/- 0.00044  95% [+0.99798, +0.99970]  P(>0) 1.0000
              cos(g_hi,g_lo): +0.17365 +/- 0.08876  95% [+0.03864, +0.37886]  P(>0) 0.9991
         ||g_hi||/||g_full||: 0.04303  95% [0.02515, 0.06433]
           ||g_hi||/||g_lo||: 0.04342  95% [0.02527, 0.06510]

-- R2 / UNION ---------------------------------------------------
   n_eps=64  T=24521  decision=74237   reassembly err  hi 1.74e-07  lo 2.21e-07
   BOOTSTRAP (10000 episode resamples)
           cos(g_hi,g_synth): +0.89508 +/- 0.02568  95% [+0.83380, +0.93159]  P(>0) 1.0000
         cos(g_full,g_synth): -0.12136 +/- 0.16952  95% [-0.39668, +0.25687]  P(>0) 0.2302
            cos(g_full,g_lo): +0.93996 +/- 0.03233  95% [+0.85677, +0.98075]  P(>0) 1.0000
              cos(g_hi,g_lo): -0.27037 +/- 0.11517  95% [-0.49196, -0.04137]  P(>0) 0.0107
         ||g_hi||/||g_full||: 0.34555  95% [0.19992, 0.54140]
           ||g_hi||/||g_lo||: 0.33470  95% [0.19649, 0.54201]

-- R3 / OWN -----------------------------------------------------
   n_eps=32  T=12554  decision=19301   reassembly err  hi 9.29e-08  lo 1.89e-07
   BOOTSTRAP (10000 episode resamples)
           cos(g_hi,g_synth): +0.40943 +/- 0.17226  95% [-0.02763, +0.65838]  P(>0) 0.9701
         cos(g_full,g_synth): -0.19924 +/- 0.21397  95% [-0.56786, +0.23703]  P(>0) 0.1878
            cos(g_full,g_lo): +0.93146 +/- 0.05510  95% [+0.78932, +0.99443]  P(>0) 1.0000
              cos(g_hi,g_lo): -0.09527 +/- 0.30478  95% [-0.64861, +0.46701]  P(>0) 0.3952
         ||g_hi||/||g_full||: 0.35216  95% [0.12051, 0.63127]
           ||g_hi||/||g_lo||: 0.38682  95% [0.11486, 0.82103]

-- R3 / RANDOM --------------------------------------------------
   n_eps=32  T=12715  decision=4975   reassembly err  hi 9.18e-08  lo 1.30e-07
   BOOTSTRAP (10000 episode resamples)
           cos(g_hi,g_synth): +0.52348 +/- 0.26974  95% [-0.10518, +0.89314]  P(>0) 0.9497
         cos(g_full,g_synth): -0.00948 +/- 0.05137  95% [-0.12987, +0.07532]  P(>0) 0.4693
            cos(g_full,g_lo): +0.99900 +/- 0.00061  95% [+0.99744, +0.99975]  P(>0) 1.0000
              cos(g_hi,g_lo): +0.08361 +/- 0.04986  95% [+0.01212, +0.20817]  P(>0) 0.9904
         ||g_hi||/||g_full||: 0.04304  95% [0.02256, 0.07267]
           ||g_hi||/||g_lo||: 0.04331  95% [0.02261, 0.07378]

-- R3 / UNION ---------------------------------------------------
   n_eps=64  T=24521  decision=74237   reassembly err  hi 1.44e-07  lo 1.49e-07
   BOOTSTRAP (10000 episode resamples)
           cos(g_hi,g_synth): +0.20163 +/- 0.14213  95% [-0.07429, +0.47557]  P(>0) 0.9191
         cos(g_full,g_synth): -0.13738 +/- 0.03149  95% [-0.20200, -0.07831]  P(>0) 0.0000
            cos(g_full,g_lo): +0.99798 +/- 0.00068  95% [+0.99640, +0.99901]  P(>0) 1.0000
              cos(g_hi,g_lo): +0.57573 +/- 0.09760  95% [+0.36870, +0.74728]  P(>0) 1.0000
         ||g_hi||/||g_full||: 0.07695  95% [0.06509, 0.09291]
           ||g_hi||/||g_lo||: 0.08063  95% [0.06830, 0.09706]

==============================================================================
SUMMARY -- cluster-bootstrap 95% CIs (episode resampling)
==============================================================================
        cell                cos(g_hi,synth)               cos(g_full,g_lo)  P(cos(hi,s)>0)
      A0/OWN      +0.8088 [+0.5087,+0.9548]      +0.9381 [+0.8596,+0.9806]          0.9999
   A0/RANDOM      +0.7270 [+0.3266,+0.9333]      +0.9931 [+0.9832,+0.9983]          0.9985
    A0/UNION      +0.1947 [-0.1016,+0.4781]      +0.9982 [+0.9971,+0.9990]          0.8979
      R2/OWN      +0.3478 [-0.4392,+0.8449]      +0.9730 [+0.9267,+0.9938]          0.8169
   R2/RANDOM      +0.7453 [+0.4588,+0.9136]      +0.9991 [+0.9980,+0.9997]          1.0000
    R2/UNION      +0.8951 [+0.8338,+0.9316]      +0.9400 [+0.8568,+0.9807]          1.0000
      R3/OWN      +0.4094 [-0.0276,+0.6584]      +0.9315 [+0.7893,+0.9944]          0.9701
   R3/RANDOM      +0.5235 [-0.1052,+0.8931]      +0.9990 [+0.9974,+0.9997]          0.9497
    R3/UNION      +0.2016 [-0.0743,+0.4756]      +0.9980 [+0.9964,+0.9990]          0.9191

  A cosine whose CI excludes 0 is a real effect at this sample
  size; one whose CI spans 0 is episode-sampling noise.

  wrote D:\MY_GURL\RESEARCH_PAPER\DT-MARL-Healthcare\python-ai\saved_models\marl\SPRINT_7_RUNG3_bootstrap_main.json
==============================================================================
EXIT_BOOT=0
