==============================================================================
SPRINT 7 RUNG 3 -- CLUSTER BOOTSTRAP over episodes
        exact by linearity: every replicate is a quadratic form in
        the episode-multiplicity vector. OFFLINE ONLY.
==============================================================================
  replicates 200   OWN batch 4 episodes
  cosines and norm RATIOS are invariant to the replicate's 1/D,
  so the changing denominator cannot bias them.

  rebuilding the same three sources ...

-- A0 / OWN -----------------------------------------------------
   n_eps=4  T=1542  decision=1703   reassembly err  hi 1.32e-07  lo 2.09e-07
   BOOTSTRAP (200 episode resamples)
           cos(g_hi,g_synth): +0.38647 +/- 0.25037  95% [-0.15362, +0.84081]  P(>0) 0.9100
         cos(g_full,g_synth): +0.14947 +/- 0.35044  95% [-0.66223, +0.57720]  P(>0) 0.7400
            cos(g_full,g_lo): +0.97947 +/- 0.01226  95% [+0.94601, +0.99247]  P(>0) 1.0000
              cos(g_hi,g_lo): -0.28292 +/- 0.28936  95% [-0.83006, +0.27641]  P(>0) 0.1350
         ||g_hi||/||g_full||: 0.21540  95% [0.12304, 0.34299]
           ||g_hi||/||g_lo||: 0.20454  95% [0.12438, 0.32414]

-- A0 / RANDOM --------------------------------------------------
   n_eps=32  T=12715  decision=4975   reassembly err  hi 7.86e-08  lo 1.31e-07
   BOOTSTRAP (200 episode resamples)
           cos(g_hi,g_synth): +0.73159 +/- 0.14974  95% [+0.40686, +0.92304]  P(>0) 1.0000
         cos(g_full,g_synth): +0.12278 +/- 0.12822  95% [-0.13536, +0.36103]  P(>0) 0.8350
            cos(g_full,g_lo): +0.99251 +/- 0.00445  95% [+0.98101, +0.99829]  P(>0) 1.0000
              cos(g_hi,g_lo): +0.19285 +/- 0.11376  95% [-0.01388, +0.43915]  P(>0) 0.9650
         ||g_hi||/||g_full||: 0.12010  95% [0.06033, 0.19569]
           ||g_hi||/||g_lo||: 0.12448  95% [0.06079, 0.20560]

-- A0 / UNION ---------------------------------------------------
   n_eps=64  T=24521  decision=74237   reassembly err  hi 1.35e-07  lo 1.68e-07
   BOOTSTRAP (200 episode resamples)
           cos(g_hi,g_synth): +0.19656 +/- 0.14999  95% [-0.10417, +0.49213]  P(>0) 0.9300
         cos(g_full,g_synth): +0.07611 +/- 0.06275  95% [-0.03169, +0.21728]  P(>0) 0.9250
            cos(g_full,g_lo): +0.99827 +/- 0.00052  95% [+0.99697, +0.99901]  P(>0) 1.0000
              cos(g_hi,g_lo): +0.68402 +/- 0.05133  95% [+0.58414, +0.77748]  P(>0) 1.0000
         ||g_hi||/||g_full||: 0.07966  95% [0.06765, 0.09754]
           ||g_hi||/||g_lo||: 0.08441  95% [0.07117, 0.10382]

-- R2 / OWN -----------------------------------------------------
   n_eps=4  T=1600  decision=2427   reassembly err  hi 1.60e-07  lo 2.86e-07
   BOOTSTRAP (200 episode resamples)
           cos(g_hi,g_synth): +0.71182 +/- 0.14516  95% [+0.40568, +0.86572]  P(>0) 1.0000
         cos(g_full,g_synth): +0.05985 +/- 0.11597  95% [-0.13701, +0.24480]  P(>0) 0.7200
            cos(g_full,g_lo): +0.92356 +/- 0.05554  95% [+0.81055, +0.99474]  P(>0) 1.0000
              cos(g_hi,g_lo): -0.25671 +/- 0.12538  95% [-0.43584, +0.01153]  P(>0) 0.0300
         ||g_hi||/||g_full||: 0.36236  95% [0.10959, 0.58968]
           ||g_hi||/||g_lo||: 0.36764  95% [0.10695, 0.66647]

-- R2 / RANDOM --------------------------------------------------
   n_eps=32  T=12715  decision=4975   reassembly err  hi 8.71e-08  lo 1.29e-07
   BOOTSTRAP (200 episode resamples)
           cos(g_hi,g_synth): +0.74541 +/- 0.11790  95% [+0.49178, +0.91460]  P(>0) 1.0000
         cos(g_full,g_synth): -0.07245 +/- 0.05288  95% [-0.19008, +0.02149]  P(>0) 0.0800
            cos(g_full,g_lo): +0.99905 +/- 0.00044  95% [+0.99806, +0.99968]  P(>0) 1.0000
              cos(g_hi,g_lo): +0.17245 +/- 0.08823  95% [+0.04681, +0.37808]  P(>0) 1.0000
         ||g_hi||/||g_full||: 0.04339  95% [0.02606, 0.06292]
           ||g_hi||/||g_lo||: 0.04377  95% [0.02624, 0.06365]

-- R2 / UNION ---------------------------------------------------
   n_eps=64  T=24521  decision=74237   reassembly err  hi 1.74e-07  lo 2.21e-07
   BOOTSTRAP (200 episode resamples)
           cos(g_hi,g_synth): +0.89598 +/- 0.02594  95% [+0.83384, +0.93313]  P(>0) 1.0000
         cos(g_full,g_synth): -0.12137 +/- 0.18037  95% [-0.35929, +0.30936]  P(>0) 0.2250
            cos(g_full,g_lo): +0.93839 +/- 0.03309  95% [+0.85963, +0.98007]  P(>0) 1.0000
              cos(g_hi,g_lo): -0.28490 +/- 0.11739  95% [-0.48618, -0.05053]  P(>0) 0.0050
         ||g_hi||/||g_full||: 0.35149  95% [0.20057, 0.53372]
           ||g_hi||/||g_lo||: 0.34029  95% [0.19929, 0.51634]

-- R3 / OWN -----------------------------------------------------
   n_eps=4  T=1565  decision=2393   reassembly err  hi 9.34e-08  lo 2.22e-07
   BOOTSTRAP (200 episode resamples)
           cos(g_hi,g_synth): +0.36167 +/- 0.10671  95% [+0.22101, +0.75647]  P(>0) 1.0000
         cos(g_full,g_synth): -0.43463 +/- 0.17534  95% [-0.67936, -0.01957]  P(>0) 0.0050
            cos(g_full,g_lo): +0.98151 +/- 0.00934  95% [+0.95861, +0.99437]  P(>0) 1.0000
              cos(g_hi,g_lo): -0.44954 +/- 0.24336  95% [-0.84812, +0.03133]  P(>0) 0.0350
         ||g_hi||/||g_full||: 0.22832  95% [0.10946, 0.36534]
           ||g_hi||/||g_lo||: 0.20424  95% [0.10714, 0.30703]

-- R3 / RANDOM --------------------------------------------------
   n_eps=32  T=12715  decision=4975   reassembly err  hi 9.18e-08  lo 1.30e-07
   BOOTSTRAP (200 episode resamples)
           cos(g_hi,g_synth): +0.48692 +/- 0.26790  95% [-0.08453, +0.84482]  P(>0) 0.9450
         cos(g_full,g_synth): -0.01266 +/- 0.04857  95% [-0.12732, +0.07401]  P(>0) 0.4250
            cos(g_full,g_lo): +0.99908 +/- 0.00061  95% [+0.99775, +0.99977]  P(>0) 1.0000
              cos(g_hi,g_lo): +0.08422 +/- 0.04606  95% [+0.01777, +0.19181]  P(>0) 1.0000
         ||g_hi||/||g_full||: 0.04129  95% [0.02125, 0.06825]
           ||g_hi||/||g_lo||: 0.04153  95% [0.02126, 0.06897]

-- R3 / UNION ---------------------------------------------------
   n_eps=64  T=24521  decision=74237   reassembly err  hi 1.44e-07  lo 1.49e-07
   BOOTSTRAP (200 episode resamples)
           cos(g_hi,g_synth): +0.21115 +/- 0.13998  95% [-0.10188, +0.44300]  P(>0) 0.9350
         cos(g_full,g_synth): -0.13852 +/- 0.03001  95% [-0.19593, -0.07915]  P(>0) 0.0000
            cos(g_full,g_lo): +0.99799 +/- 0.00072  95% [+0.99642, +0.99916]  P(>0) 1.0000
              cos(g_hi,g_lo): +0.57701 +/- 0.10187  95% [+0.39021, +0.76485]  P(>0) 1.0000
         ||g_hi||/||g_full||: 0.07684  95% [0.06497, 0.09484]
           ||g_hi||/||g_lo||: 0.08052  95% [0.06822, 0.09857]

==============================================================================
SUMMARY -- cluster-bootstrap 95% CIs (episode resampling)
==============================================================================
        cell                cos(g_hi,synth)               cos(g_full,g_lo)  P(cos(hi,s)>0)
      A0/OWN      +0.3865 [-0.1536,+0.8408]      +0.9795 [+0.9460,+0.9925]          0.9100
   A0/RANDOM      +0.7316 [+0.4069,+0.9230]      +0.9925 [+0.9810,+0.9983]          1.0000
    A0/UNION      +0.1966 [-0.1042,+0.4921]      +0.9983 [+0.9970,+0.9990]          0.9300
      R2/OWN      +0.7118 [+0.4057,+0.8657]      +0.9236 [+0.8105,+0.9947]          1.0000
   R2/RANDOM      +0.7454 [+0.4918,+0.9146]      +0.9990 [+0.9981,+0.9997]          1.0000
    R2/UNION      +0.8960 [+0.8338,+0.9331]      +0.9384 [+0.8596,+0.9801]          1.0000
      R3/OWN      +0.3617 [+0.2210,+0.7565]      +0.9815 [+0.9586,+0.9944]          1.0000
   R3/RANDOM      +0.4869 [-0.0845,+0.8448]      +0.9991 [+0.9977,+0.9998]          0.9450
    R3/UNION      +0.2111 [-0.1019,+0.4430]      +0.9980 [+0.9964,+0.9992]          0.9350

  A cosine whose CI excludes 0 is a real effect at this sample
  size; one whose CI spans 0 is episode-sampling noise.

  wrote D:\MY_GURL\RESEARCH_PAPER\DT-MARL-Healthcare\python-ai\saved_models\marl\SPRINT_7_RUNG3_bootstrap_SMOKE.json
==============================================================================
EXIT=0
