==============================================================================
SPRINT 7 RUNG 2.75 -- item D: minibatch tail as a CANDIDATE
        not fixed; steps taken on a deepcopy and never saved
==============================================================================

-- D1  chunk arithmetic (n_mb = 4) ----------------------------
   T= 3200  T mod 4 = 0  chunks=4  sizes=[800, 800, 800, 800]
   T= 3199  T mod 4 = 3  chunks=5  sizes=[799, 799, 799, 799]+[3]
   T= 3198  T mod 4 = 2  chunks=5  sizes=[799, 799, 799, 799]+[2]
   T= 3197  T mod 4 = 1  chunks=5  sizes=[799, 799, 799, 799]+[1]
   optimiser steps/update: 16 if T%4==0, else 20 -> 20.0% degenerate

-- A0 (mappo_A0_cpu_repro.pth) ----------------------------------
   D2  40 real start ticks: lengths mean 392.0 min 358, early-terminating 35.0%
       T per block of 8: [3100, 3137, 3153, 3133, 3158]
       T mod 4         : [0, 1, 1, 1, 2]  -> tail fires in 80% of blocks
   D3  real buffer T = 3100 (T mod 4 = 0)
       T= 3100 mod4=0  chunks/epoch=4  steps=16  tail=0
              substantive: 775 steps  |g|=1.2376e-01  clip 0.00  dtheta=7.0721e-04
       T= 3099 mod4=3  chunks/epoch=5  steps=20  tail=4
              substantive: 774 steps  |g|=1.2970e-01  clip 0.00  dtheta=7.7744e-04
              TAIL       : 3 steps  |g|=1.0978e+00  clip 0.50  dtheta=8.5001e-04
              tail/substantive: data 0.0039x   |g| 8.464x   dtheta 1.093x
       T= 3098 mod4=2  chunks/epoch=5  steps=20  tail=4
              substantive: 774 steps  |g|=1.2639e-01  clip 0.00  dtheta=8.0405e-04
              TAIL       : 2 steps  |g|=9.9685e-01  clip 0.50  dtheta=8.7603e-04
              tail/substantive: data 0.0026x   |g| 7.887x   dtheta 1.090x
       T= 3097 mod4=1  chunks/epoch=5  steps=20  tail=4
              substantive: 774 steps  |g|=1.2537e-01  clip 0.00  dtheta=7.8329e-04
              TAIL       : 1 steps  |g|=1.1552e+00  clip 0.75  dtheta=8.8824e-04
              tail/substantive: data 0.0013x   |g| 9.214x   dtheta 1.134x

-- R2 (mappo_R2_mc_target.pth) ----------------------------------
   D2  40 real start ticks: lengths mean 395.6 min 354, early-terminating 20.0%
       T per block of 8: [3200, 3135, 3188, 3161, 3139]
       T mod 4         : [0, 3, 0, 1, 3]  -> tail fires in 60% of blocks
   D3  real buffer T = 3200 (T mod 4 = 0)
       T= 3200 mod4=0  chunks/epoch=4  steps=16  tail=0
              substantive: 800 steps  |g|=6.0839e-02  clip 0.00  dtheta=3.7485e-04
       T= 3199 mod4=3  chunks/epoch=5  steps=20  tail=4
              substantive: 799 steps  |g|=6.0795e-02  clip 0.00  dtheta=4.1145e-04
              TAIL       : 3 steps  |g|=2.5382e-01  clip 0.25  dtheta=6.7349e-04
              tail/substantive: data 0.0038x   |g| 4.175x   dtheta 1.637x
       T= 3198 mod4=2  chunks/epoch=5  steps=20  tail=4
              substantive: 799 steps  |g|=6.2052e-02  clip 0.00  dtheta=4.2446e-04
              TAIL       : 2 steps  |g|=1.0284e-01  clip 0.00  dtheta=4.4780e-04
              tail/substantive: data 0.0025x   |g| 1.657x   dtheta 1.055x
       T= 3197 mod4=1  chunks/epoch=5  steps=20  tail=4
              substantive: 799 steps  |g|=6.8637e-02  clip 0.00  dtheta=5.2427e-04
              TAIL       : 1 steps  |g|=1.2679e-01  clip 0.00  dtheta=6.7269e-04
              tail/substantive: data 0.0013x   |g| 1.847x   dtheta 1.283x

==============================================================================
D4  falsification: the tail is shared by both arms
==============================================================================
   A0: tail fires in 80% of blocks, 35% of episodes end early
   R2: tail fires in 60% of blocks, 20% of episodes end early
   -> if both arms are exposed at a similar rate, the tail cannot
      be the cause of an A0-vs-R2 DIFFERENCE, only of a shared
      degradation. Stated as a measurement, not an assumption.

  wrote D:\MY_GURL\RESEARCH_PAPER\DT-MARL-Healthcare\python-ai\saved_models\marl\SPRINT_7_RUNG2_75_mbtail_main.json
==============================================================================
