  state sets verified against the pre-registered cardinalities: OK

==============================================================================
  RANDOM:  hi n=216  lo n=4757  clusters=32
==============================================================================

  E1  cluster-bootstrap CIs (10000 replicates, clusters = episodes)
  arm      regime   proj_frac               95% CI   cosine               95% CI
  A0       hi          0.4542 [+0.1848,+0.6603]   0.2808 [+0.1048,+0.4400]
  A0       lo          0.6992 [+0.6756,+0.7231]   0.7115 [+0.6933,+0.7290]
  A0       hi-lo      -0.2450 [-0.5138,-0.0386]   frac replicates < 0 = 0.9922
  R3       hi          0.1599 [+0.0046,+0.2657]   0.1763 [+0.0043,+0.3487]
  R3       lo          0.6858 [+0.6698,+0.7007]   0.7647 [+0.7459,+0.7822]
  R3       hi-lo      -0.5260 [-0.6822,-0.4209]   frac replicates < 0 = 1.0000
  R3_best  hi          0.1677 [+0.0463,+0.2778]   0.2300 [+0.0552,+0.4035]
  R3_best  lo          0.5617 [+0.5413,+0.5814]   0.7587 [+0.7380,+0.7774]
  R3_best  hi-lo      -0.3940 [-0.5143,-0.2812]   frac replicates < 0 = 1.0000

  E2  EXPLORATORY  uniform shift vs state-varying re-ranking
  arm      regime     ||Dp||   uniform   share  argmax->EDGE  argmax flips
  A0       hi         8.4601    5.9517  0.7035      18/216              84
  A0       lo        38.0337   24.6431  0.6479     165/4757           2420
  R2       hi         5.2302    1.9953  0.3815     100/216             152
  R2       lo        38.7031   25.0532  0.6473     835/4757           3107
  R2_best  hi         5.2302    1.9953  0.3815     100/216             152
  R2_best  lo        38.7031   25.0532  0.6473     835/4757           3107
  R3       hi         4.7418    3.2238  0.6799       0/216              67
  R3       lo        34.7087   26.7979  0.7721      21/4757           2283
  R3_best  hi         3.8132    1.6084  0.4218      72/216             138
  R3_best  lo        28.6526   18.3784  0.6414     627/4757           2884
  theta0   hi         0.0000    0.0000     nan      18/216               0
  theta0   lo         0.0000    0.0000     nan    1759/4757              0

==============================================================================
  UNION:  hi n=3592  lo n=70621  clusters=64
==============================================================================

  E1  cluster-bootstrap CIs (10000 replicates, clusters = episodes)
  arm      regime   proj_frac               95% CI   cosine               95% CI
  A0       hi          0.3458 [+0.3028,+0.3880]   0.3043 [+0.2686,+0.3411]
  A0       lo          0.5965 [+0.5895,+0.6037]   0.7278 [+0.7087,+0.7482]
  A0       hi-lo      -0.2507 [-0.2953,-0.2070]   frac replicates < 0 = 1.0000
  R3       hi          0.2147 [+0.1906,+0.2373]   0.2269 [+0.1876,+0.2712]
  R3       lo          0.7124 [+0.7024,+0.7225]   0.7759 [+0.7524,+0.8004]
  R3       hi-lo      -0.4977 [-0.5152,-0.4811]   frac replicates < 0 = 1.0000
  R3_best  hi          0.0646 [+0.0470,+0.0809]   0.1014 [+0.0683,+0.1389]
  R3_best  lo          0.4888 [+0.4800,+0.4975]   0.7243 [+0.7084,+0.7408]
  R3_best  hi-lo      -0.4241 [-0.4390,-0.4102]   frac replicates < 0 = 1.0000

  E2  EXPLORATORY  uniform shift vs state-varying re-ranking
  arm      regime     ||Dp||   uniform   share  argmax->EDGE  argmax flips
  A0       hi        28.8065   20.7784  0.7213     628/3592           1643
  A0       lo       126.5078   98.4579  0.7783    1496/70621         31514
  R2       hi        25.3467   15.0765  0.5948    1136/3592           2116
  R2       lo       154.3567  123.8349  0.8023   12559/70621         42116
  R2_best  hi        25.3467   15.0765  0.5948    1136/3592           2116
  R2_best  lo       154.3567  123.8349  0.8023   12559/70621         42116
  R3       hi        23.9847   18.1363  0.7562       0/3592           1015
  R3       lo       141.7271  124.1957  0.8763     292/70621         30354
  R3_best  hi        16.1450    9.1626  0.5675     709/3592           1724
  R3_best  lo       104.1525   73.7646  0.7082    8871/70621         38931
  theta0   hi         0.0000    0.0000     nan     830/3592              0
  theta0   lo         0.0000    0.0000     nan   27855/70621             0

wrote D:\MY_GURL\RESEARCH_PAPER\DT-MARL-Healthcare\python-ai\saved_models\marl\SPRINT_7_DIV_shape_main.json
