
==============================================================================
PART A  PARAMETER-SPACE DISPLACEMENT FROM THE SHARED theta_0
==============================================================================
  seed (all arms)          : 20260818
  theta_0 reproducibility  : actor max|diff| 0.0e+00, critic 0.0e+00  (two independent constructions)
  actor params             : 233000   critic params: 194049
  chance cosine 1/sqrt(d)  : actor 0.00207   critic 0.00227

  arm       ||dTheta_actor||  ||dTheta_critic||  actor/R2
  A0                  5.5321             9.7844    0.8965
  R2                  6.1710             9.9936    1.0000
  R2_best             6.1710             9.9936    1.0000
  R3                  4.5471            10.3278    0.7369
  R3_best             3.9510             9.1554    0.6403

  decomposition against R2's ACTOR displacement direction
  arm       proj_frac    cosine  resid_frac
  A0           0.1672    0.1865      0.8807
  R2           1.0000    1.0000      0.0000
  R2_best      1.0000    1.0000      0.0000
  R3           0.1244    0.1689      0.7263
  R3_best      0.0990    0.1546      0.6326

  pairwise cosine of ACTOR displacement
                  A0       R2  R2_best       R3  R3_best
  A0          1.0000   0.1865   0.1865   0.1648   0.1900
  R2          0.1865   1.0000   1.0000   0.1689   0.1546
  R2_best     0.1865   1.0000   1.0000   0.1689   0.1546
  R3          0.1648   0.1689   0.1689   1.0000   0.9300
  R3_best     0.1900   0.1546   0.1546   0.9300   1.0000

  Adam actor state at the final checkpoint
  arm        steps   lr_saved      ||m||  ||update||  ||upd||/||dTheta||
  A0          1428  9.333e-06  7.565e-02      0.0007             0.00013
  R2          1392  9.333e-06  1.870e-02      0.0004             0.00006
  R2_best     1392  9.333e-06  1.870e-02      0.0004             0.00006
  R3          1440  9.333e-06  6.370e-02      0.0012             0.00026
  R3_best      872  2.893e-04  4.462e-02      0.0133             0.00336

==============================================================================
PART B  FUNCTION-SPACE DISPLACEMENT ON THE UNCHANGED FIXED SETS
==============================================================================
  episodes per source      : 32  (start-seed 20260825)

  --- RANDOM ---
  decision entries 4973   hi(risk>=0.6) 280   lo(risk<0.2) 4679

  regime=all (n=4973)
  arm        mean_TV     ||Dp||  proj_frac    cosine  resid_frac  d_p_EDGE  d_p_STAY
  A0         0.37111    38.3496     0.6999    0.7182      0.6781  -0.27563   0.08177
  R2         0.36982    39.3517     1.0000    1.0000      0.0000  -0.29759   0.15704
  R2_best    0.36982    39.3517     1.0000    1.0000      0.0000  -0.29759   0.15704
  R3         0.35065    36.2464     0.6988    0.7587      0.6000  -0.31979   0.18946
  R3_best    0.26646    29.6042     0.5760    0.7657      0.4839  -0.21687   0.07907

  regime=hi (n=280)
  arm        mean_TV     ||Dp||  proj_frac    cosine  resid_frac  d_p_EDGE  d_p_STAY
  A0         0.42862    10.1016     0.7838    0.7183      0.7591  -0.32082   0.10933
  R2         0.37449     9.2581     1.0000    1.0000      0.0000  -0.28809   0.13686
  R2_best    0.37449     9.2581     1.0000    1.0000      0.0000  -0.28809   0.13686
  R3         0.28633     7.3186     0.6005    0.7597      0.5141  -0.26178   0.13839
  R3_best    0.22927     6.3485     0.5184    0.7560      0.4488  -0.18747   0.05292

  regime=lo (n=4679)
  arm        mean_TV     ||Dp||  proj_frac    cosine  resid_frac  d_p_EDGE  d_p_STAY
  A0         0.36729    36.9077     0.6940    0.7176      0.6735  -0.27279   0.08037
  R2         0.36911    38.1628     1.0000    1.0000      0.0000  -0.29784   0.15834
  R2_best    0.36911    38.1628     1.0000    1.0000      0.0000  -0.29784   0.15834
  R3         0.35449    35.4448     0.7047    0.7587      0.6050  -0.32316   0.19246
  R3_best    0.26839    28.8422     0.5786    0.7656      0.4862  -0.21824   0.08038
  ==> R3       proj_frac  lo=+0.7047  hi=+0.6005  hi-lo=-0.1042
  ==> R3_best  proj_frac  lo=+0.5786  hi=+0.5184  hi-lo=-0.0602
  ==> A0       proj_frac  lo=+0.6940  hi=+0.7838  hi-lo=+0.0897

  --- UNION ---
  decision entries 70791   hi(risk>=0.6) 3501   lo(risk<0.2) 67247

  regime=all (n=70791)
  arm        mean_TV     ||Dp||  proj_frac    cosine  resid_frac  d_p_EDGE  d_p_STAY
  A0         0.32070   130.3528     0.5978    0.6930      0.6219  -0.29250   0.24018
  R2         0.36548   151.1163     1.0000    1.0000      0.0000  -0.32926   0.30034
  R2_best    0.36548   151.1163     1.0000    1.0000      0.0000  -0.32926   0.30034
  R3         0.35968   142.9949     0.7144    0.7550      0.6205  -0.34592   0.30413
  R3_best    0.23654   106.7063     0.4788    0.6780      0.5190  -0.21512   0.17251

  regime=hi (n=3501)
  arm        mean_TV     ||Dp||  proj_frac    cosine  resid_frac  d_p_EDGE  d_p_STAY
  A0         0.35254    31.7202     0.7018    0.6799      0.7570  -0.31949   0.27341
  R2         0.33424    30.7283     1.0000    1.0000      0.0000  -0.29600   0.27195
  R2_best    0.33424    30.7283     1.0000    1.0000      0.0000  -0.29600   0.27195
  R3         0.24892    24.9152     0.4842    0.5972      0.6503  -0.23945   0.20949
  R3_best    0.16874    19.5942     0.3376    0.5294      0.5410  -0.15193   0.12017

  regime=lo (n=67247)
  arm        mean_TV     ||Dp||  proj_frac    cosine  resid_frac  d_p_EDGE  d_p_STAY
  A0         0.31894   126.3585     0.5929    0.6940      0.6152  -0.29102   0.23842
  R2         0.36702   147.8885     1.0000    1.0000      0.0000  -0.33091   0.30178
  R2_best    0.36702   147.8885     1.0000    1.0000      0.0000  -0.33091   0.30178
  R3         0.36539   140.7433     0.7241    0.7609      0.6175  -0.35140   0.30900
  R3_best    0.23994   104.8041     0.4845    0.6836      0.5172  -0.21827   0.17510
  ==> R3       proj_frac  lo=+0.7241  hi=+0.4842  hi-lo=-0.2399
  ==> R3_best  proj_frac  lo=+0.4845  hi=+0.3376  hi-lo=-0.1469
  ==> A0       proj_frac  lo=+0.5929  hi=+0.7018  hi-lo=+0.1089

wrote D:\MY_GURL\RESEARCH_PAPER\DT-MARL-Healthcare\python-ai\saved_models\marl\SPRINT_7_DIV_geometry_full.json
